Component: ARM Compiler 5.06 update 6 (build 750) Tool: armlink [4d35ed]

==============================================================================

Section Cross References

    startup_stm32g474xx.o(RESET) refers to startup_stm32g474xx.o(STACK) for __initial_sp
    startup_stm32g474xx.o(RESET) refers to startup_stm32g474xx.o(.text) for Reset_Handler
    startup_stm32g474xx.o(RESET) refers to stm32g4xx_it.o(i.NMI_Handler) for NMI_Handler
    startup_stm32g474xx.o(RESET) refers to stm32g4xx_it.o(i.HardFault_Handler) for HardFault_Handler
    startup_stm32g474xx.o(RESET) refers to stm32g4xx_it.o(i.MemManage_Handler) for MemManage_Handler
    startup_stm32g474xx.o(RESET) refers to stm32g4xx_it.o(i.BusFault_Handler) for BusFault_Handler
    startup_stm32g474xx.o(RESET) refers to stm32g4xx_it.o(i.UsageFault_Handler) for UsageFault_Handler
    startup_stm32g474xx.o(RESET) refers to stm32g4xx_it.o(i.SVC_Handler) for SVC_Handler
    startup_stm32g474xx.o(RESET) refers to stm32g4xx_it.o(i.DebugMon_Handler) for DebugMon_Handler
    startup_stm32g474xx.o(RESET) refers to stm32g4xx_it.o(i.PendSV_Handler) for PendSV_Handler
    startup_stm32g474xx.o(RESET) refers to stm32g4xx_it.o(i.SysTick_Handler) for SysTick_Handler
    startup_stm32g474xx.o(RESET) refers to stm32g4xx_it.o(i.DMA1_Channel1_IRQHandler) for DMA1_Channel1_IRQHandler
    startup_stm32g474xx.o(RESET) refers to stm32g4xx_it.o(i.TIM6_DAC_IRQHandler) for TIM6_DAC_IRQHandler
    startup_stm32g474xx.o(.text) refers to system_stm32g4xx.o(i.SystemInit) for SystemInit
    startup_stm32g474xx.o(.text) refers to entry.o(.ARM.Collect$$$$00000000) for __main
    main.o(i.SystemClock_Config) refers to memseta.o(.text) for __aeabi_memclr4
    main.o(i.SystemClock_Config) refers to stm32g4xx_hal_pwr_ex.o(i.HAL_PWREx_ControlVoltageScaling) for HAL_PWREx_ControlVoltageScaling
    main.o(i.SystemClock_Config) refers to stm32g4xx_hal_rcc.o(i.HAL_RCC_OscConfig) for HAL_RCC_OscConfig
    main.o(i.SystemClock_Config) refers to main.o(i.Error_Handler) for Error_Handler
    main.o(i.SystemClock_Config) refers to stm32g4xx_hal_rcc.o(i.HAL_RCC_ClockConfig) for HAL_RCC_ClockConfig
    main.o(i.SystemClock_Config) refers to stm32g4xx_hal_rcc_ex.o(i.HAL_RCCEx_PeriphCLKConfig) for HAL_RCCEx_PeriphCLKConfig
    main.o(i.main) refers to stm32g4xx_hal.o(i.HAL_Init) for HAL_Init
    main.o(i.main) refers to main.o(i.SystemClock_Config) for SystemClock_Config
    main.o(i.main) refers to gpio.o(i.MX_GPIO_Init) for MX_GPIO_Init
    main.o(i.main) refers to dma.o(i.MX_DMA_Init) for MX_DMA_Init
    main.o(i.main) refers to adc.o(i.MX_ADC1_Init) for MX_ADC1_Init
    main.o(i.main) refers to hrtim.o(i.MX_HRTIM1_Init) for MX_HRTIM1_Init
    main.o(i.main) refers to tim.o(i.MX_TIM6_Init) for MX_TIM6_Init
    main.o(i.main) refers to moving-average.o(i.moving_average_create) for moving_average_create
    main.o(i.main) refers to stm32g4xx_hal.o(i.HAL_Delay) for HAL_Delay
    main.o(i.main) refers to stm32g4xx_hal_adc_ex.o(i.HAL_ADCEx_Calibration_Start) for HAL_ADCEx_Calibration_Start
    main.o(i.main) refers to main.o(i.Error_Handler) for Error_Handler
    main.o(i.main) refers to stm32g4xx_hal_adc.o(i.HAL_ADC_Start_DMA) for HAL_ADC_Start_DMA
    main.o(i.main) refers to stm32g4xx_hal_hrtim.o(i.HAL_HRTIM_WaveformCountStart) for HAL_HRTIM_WaveformCountStart
    main.o(i.main) refers to stm32g4xx_hal_hrtim.o(i.HAL_HRTIM_WaveformOutputStart) for HAL_HRTIM_WaveformOutputStart
    main.o(i.main) refers to stm32g4xx_hal_tim.o(i.HAL_TIM_Base_Start_IT) for HAL_TIM_Base_Start_IT
    main.o(i.main) refers to moving-average.o(i.moving_average_filter) for moving_average_filter
    main.o(i.main) refers to main.o(.bss) for avg_filter
    main.o(i.main) refers to adc.o(.bss) for hadc1
    main.o(i.main) refers to main.o(.data) for adc1_value0
    main.o(i.main) refers to hrtim.o(.bss) for hhrtim1
    main.o(i.main) refers to tim.o(.bss) for htim6
    gpio.o(i.MX_GPIO_Init) refers to memseta.o(.text) for __aeabi_memclr4
    gpio.o(i.MX_GPIO_Init) refers to stm32g4xx_hal_gpio.o(i.HAL_GPIO_WritePin) for HAL_GPIO_WritePin
    gpio.o(i.MX_GPIO_Init) refers to stm32g4xx_hal_gpio.o(i.HAL_GPIO_Init) for HAL_GPIO_Init
    adc.o(i.HAL_ADC_MspDeInit) refers to stm32g4xx_hal_gpio.o(i.HAL_GPIO_DeInit) for HAL_GPIO_DeInit
    adc.o(i.HAL_ADC_MspDeInit) refers to stm32g4xx_hal_dma.o(i.HAL_DMA_DeInit) for HAL_DMA_DeInit
    adc.o(i.HAL_ADC_MspInit) refers to memseta.o(.text) for __aeabi_memclr4
    adc.o(i.HAL_ADC_MspInit) refers to stm32g4xx_hal_gpio.o(i.HAL_GPIO_Init) for HAL_GPIO_Init
    adc.o(i.HAL_ADC_MspInit) refers to stm32g4xx_hal_dma.o(i.HAL_DMA_Init) for HAL_DMA_Init
    adc.o(i.HAL_ADC_MspInit) refers to main.o(i.Error_Handler) for Error_Handler
    adc.o(i.HAL_ADC_MspInit) refers to adc.o(.bss) for hdma_adc1
    adc.o(i.MX_ADC1_Init) refers to memseta.o(.text) for __aeabi_memclr4
[...]
    Removing stm32g4xx_hal_tim.o(i.HAL_TIM_OnePulse_DeInit), (96 bytes).
    Removing stm32g4xx_hal_tim.o(i.HAL_TIM_OnePulse_GetState), (8 bytes).
    Removing stm32g4xx_hal_tim.o(i.HAL_TIM_OnePulse_Init), (102 bytes).
    Removing stm32g4xx_hal_tim.o(i.HAL_TIM_OnePulse_MspDeInit), (2 bytes).
    Removing stm32g4xx_hal_tim.o(i.HAL_TIM_OnePulse_MspInit), (2 bytes).
    Removing stm32g4xx_hal_tim.o(i.HAL_TIM_OnePulse_Start), (188 bytes).
    Removing stm32g4xx_hal_tim.o(i.HAL_TIM_OnePulse_Start_IT), (212 bytes).
    Removing stm32g4xx_hal_tim.o(i.HAL_TIM_OnePulse_Stop), (208 bytes).
    Removing stm32g4xx_hal_tim.o(i.HAL_TIM_OnePulse_Stop_IT), (232 bytes).
    Removing stm32g4xx_hal_tim.o(i.HAL_TIM_PWM_ConfigChannel), (360 bytes).
    Removing stm32g4xx_hal_tim.o(i.HAL_TIM_PWM_DeInit), (128 bytes).
    Removing stm32g4xx_hal_tim.o(i.HAL_TIM_PWM_GetState), (8 bytes).
    Removing stm32g4xx_hal_tim.o(i.HAL_TIM_PWM_Init), (110 bytes).
    Removing stm32g4xx_hal_tim.o(i.HAL_TIM_PWM_MspDeInit), (2 bytes).
    Removing stm32g4xx_hal_tim.o(i.HAL_TIM_PWM_MspInit), (2 bytes).
    Removing stm32g4xx_hal_tim.o(i.HAL_TIM_PWM_PulseFinishedHalfCpltCallback), (2 bytes).
    Removing stm32g4xx_hal_tim.o(i.HAL_TIM_PWM_Start), (364 bytes).
    Removing stm32g4xx_hal_tim.o(i.HAL_TIM_PWM_Start_DMA), (688 bytes).
    Removing stm32g4xx_hal_tim.o(i.HAL_TIM_PWM_Start_IT), (440 bytes).
    Removing stm32g4xx_hal_tim.o(i.HAL_TIM_PWM_Stop), (240 bytes).
    Removing stm32g4xx_hal_tim.o(i.HAL_TIM_PWM_Stop_DMA), (340 bytes).
    Removing stm32g4xx_hal_tim.o(i.HAL_TIM_PWM_Stop_IT), (316 bytes).
    Removing stm32g4xx_hal_tim.o(i.HAL_TIM_PeriodElapsedHalfCpltCallback), (2 bytes).
    Removing stm32g4xx_hal_tim.o(i.HAL_TIM_ReadCapturedValue), (50 bytes).
    Removing stm32g4xx_hal_tim.o(i.HAL_TIM_SlaveConfigSynchro), (108 bytes).
    Removing stm32g4xx_hal_tim.o(i.HAL_TIM_SlaveConfigSynchro_IT), (108 bytes).
    Removing stm32g4xx_hal_tim.o(i.HAL_TIM_TriggerHalfCpltCallback), (2 bytes).
    Removing stm32g4xx_hal_tim.o(i.TIM_CCxChannelCmd), (34 bytes).
    Removing stm32g4xx_hal_tim.o(i.TIM_DMACaptureCplt), (122 bytes).
    Removing stm32g4xx_hal_tim.o(i.TIM_DMACaptureHalfCplt), (64 bytes).
    Removing stm32g4xx_hal_tim.o(i.TIM_DMADelayPulseCplt), (104 bytes).
    Removing stm32g4xx_hal_tim.o(i.TIM_DMADelayPulseHalfCplt), (64 bytes).
    Removing stm32g4xx_hal_tim.o(i.TIM_DMAError), (94 bytes).
    Removing stm32g4xx_hal_tim.o(i.TIM_DMAPeriodElapsedCplt), (26 bytes).
    Removing stm32g4xx_hal_tim.o(i.TIM_DMAPeriodElapsedHalfCplt), (14 bytes).
    Removing stm32g4xx_hal_tim.o(i.TIM_DMATriggerCplt), (26 bytes).
    Removing stm32g4xx_hal_tim.o(i.TIM_DMATriggerHalfCplt), (14 bytes).
    Removing stm32g4xx_hal_tim.o(i.TIM_ETR_SetConfig), (22 bytes).
    Removing stm32g4xx_hal_tim.o(i.TIM_ITRx_SetConfig), (24 bytes).
    Removing stm32g4xx_hal_tim.o(i.TIM_OC1_SetConfig), (188 bytes).
    Removing stm32g4xx_hal_tim.o(i.TIM_OC2_SetConfig), (200 bytes).
    Removing stm32g4xx_hal_tim.o(i.TIM_OC3_SetConfig), (196 bytes).
    Removing stm32g4xx_hal_tim.o(i.TIM_OC4_SetConfig), (200 bytes).
    Removing stm32g4xx_hal_tim.o(i.TIM_OC5_SetConfig), (120 bytes).
    Removing stm32g4xx_hal_tim.o(i.TIM_OC6_SetConfig), (124 bytes).
    Removing stm32g4xx_hal_tim.o(i.TIM_SlaveTimer_SetConfig), (260 bytes).
    Removing stm32g4xx_hal_tim.o(i.TIM_TI1_ConfigInputStage), (38 bytes).
    Removing stm32g4xx_hal_tim.o(i.TIM_TI1_SetConfig), (144 bytes).
    Removing stm32g4xx_hal_tim.o(i.TIM_TI2_ConfigInputStage), (40 bytes).
    Removing stm32g4xx_hal_tim.o(i.TIM_TI2_SetConfig), (58 bytes).
    Removing stm32g4xx_hal_tim.o(i.TIM_TI3_SetConfig), (56 bytes).
    Removing stm32g4xx_hal_tim.o(i.TIM_TI4_SetConfig), (60 bytes).
    Removing stm32g4xx_hal_tim_ex.o(.rev16_text), (4 bytes).
    Removing stm32g4xx_hal_tim_ex.o(.revsh_text), (4 bytes).
    Removing stm32g4xx_hal_tim_ex.o(.rrx_text), (6 bytes).
    Removing stm32g4xx_hal_tim_ex.o(i.HAL_TIMEx_CommutHalfCpltCallback), (2 bytes).
    Removing stm32g4xx_hal_tim_ex.o(i.HAL_TIMEx_ConfigAsymmetricalDeadTime), (20 bytes).
    Removing stm32g4xx_hal_tim_ex.o(i.HAL_TIMEx_ConfigBreakDeadTime), (260 bytes).
    Removing stm32g4xx_hal_tim_ex.o(i.HAL_TIMEx_ConfigBreakInput), (254 bytes).
    Removing stm32g4xx_hal_tim_ex.o(i.HAL_TIMEx_ConfigCommutEvent), (200 bytes).
    Removing stm32g4xx_hal_tim_ex.o(i.HAL_TIMEx_ConfigCommutEvent_DMA), (232 bytes).
    Removing stm32g4xx_hal_tim_ex.o(i.HAL_TIMEx_ConfigCommutEvent_IT), (200 bytes).
    Removing stm32g4xx_hal_tim_ex.o(i.HAL_TIMEx_ConfigDeadTime), (20 bytes).
    Removing stm32g4xx_hal_tim_ex.o(i.HAL_TIMEx_ConfigEncoderIndex), (92 bytes).
    Removing stm32g4xx_hal_tim_ex.o(i.HAL_TIMEx_ConfigSlaveModePreload), (20 bytes).
    Removing stm32g4xx_hal_tim_ex.o(i.HAL_TIMEx_DisableAsymmetricalDeadTime), (18 bytes).
    Removing stm32g4xx_hal_tim_ex.o(i.HAL_TIMEx_DisableDeadTimePreload), (18 bytes).
    Removing stm32g4xx_hal_tim_ex.o(i.HAL_TIMEx_DisableEncoderFirstIndex), (18 bytes).
    Removing stm32g4xx_hal_tim_ex.o(i.HAL_TIMEx_DisableEncoderIndex), (18 bytes).
    Removing stm32g4xx_hal_tim_ex.o(i.HAL_TIMEx_DisableSlaveModePreload), (18 bytes).
    Removing stm32g4xx_hal_tim_ex.o(i.HAL_TIMEx_DisarmBreakInput), (92 bytes).
    Removing stm32g4xx_hal_tim_ex.o(i.HAL_TIMEx_DitheringDisable), (18 bytes).
    Removing stm32g4xx_hal_tim_ex.o(i.HAL_TIMEx_DitheringEnable), (18 bytes).
    Removing stm32g4xx_hal_tim_ex.o(i.HAL_TIMEx_EnableAsymmetricalDeadTime), (18 bytes).
    Removing stm32g4xx_hal_tim_ex.o(i.HAL_TIMEx_EnableDeadTimePreload), (18 bytes).
    Removing stm32g4xx_hal_tim_ex.o(i.HAL_TIMEx_EnableEncoderFirstIndex), (18 bytes).
    Removing stm32g4xx_hal_tim_ex.o(i.HAL_TIMEx_EnableEncoderIndex), (18 bytes).
    Removing stm32g4xx_hal_tim_ex.o(i.HAL_TIMEx_EnableSlaveModePreload), (18 bytes).
    Removing stm32g4xx_hal_tim_ex.o(i.HAL_TIMEx_GetChannelNState), (38 bytes).
    Removing stm32g4xx_hal_tim_ex.o(i.HAL_TIMEx_GroupChannel5), (72 bytes).
    Removing stm32g4xx_hal_tim_ex.o(i.HAL_TIMEx_HallSensor_DeInit), (96 bytes).
    Removing stm32g4xx_hal_tim_ex.o(i.HAL_TIMEx_HallSensor_GetState), (8 bytes).
    Removing stm32g4xx_hal_tim_ex.o(i.HAL_TIMEx_HallSensor_Init), (248 bytes).
    Removing stm32g4xx_hal_tim_ex.o(i.HAL_TIMEx_HallSensor_MspDeInit), (2 bytes).
    Removing stm32g4xx_hal_tim_ex.o(i.HAL_TIMEx_HallSensor_MspInit), (2 bytes).
    Removing stm32g4xx_hal_tim_ex.o(i.HAL_TIMEx_HallSensor_Start), (228 bytes).
    Removing stm32g4xx_hal_tim_ex.o(i.HAL_TIMEx_HallSensor_Start_DMA), (292 bytes).
    Removing stm32g4xx_hal_tim_ex.o(i.HAL_TIMEx_HallSensor_Start_IT), (240 bytes).
    Removing stm32g4xx_hal_tim_ex.o(i.HAL_TIMEx_HallSensor_Stop), (78 bytes).
    Removing stm32g4xx_hal_tim_ex.o(i.HAL_TIMEx_HallSensor_Stop_DMA), (84 bytes).
    Removing stm32g4xx_hal_tim_ex.o(i.HAL_TIMEx_HallSensor_Stop_IT), (90 bytes).
    Removing stm32g4xx_hal_tim_ex.o(i.HAL_TIMEx_OCN_Start), (256 bytes).
    Removing stm32g4xx_hal_tim_ex.o(i.HAL_TIMEx_OCN_Start_DMA), (560 bytes).
    Removing stm32g4xx_hal_tim_ex.o(i.HAL_TIMEx_OCN_Start_IT), (344 bytes).
    Removing stm32g4xx_hal_tim_ex.o(i.HAL_TIMEx_OCN_Stop), (136 bytes).
    Removing stm32g4xx_hal_tim_ex.o(i.HAL_TIMEx_OCN_Stop_DMA), (236 bytes).
    Removing stm32g4xx_hal_tim_ex.o(i.HAL_TIMEx_OCN_Stop_IT), (236 bytes).
    Removing stm32g4xx_hal_tim_ex.o(i.HAL_TIMEx_OC_ConfigPulseOnCompare), (80 bytes).
    Removing stm32g4xx_hal_tim_ex.o(i.HAL_TIMEx_OnePulseN_Start), (262 bytes).
    Removing stm32g4xx_hal_tim_ex.o(i.HAL_TIMEx_OnePulseN_Start_IT), (286 bytes).
    Removing stm32g4xx_hal_tim_ex.o(i.HAL_TIMEx_OnePulseN_Stop), (220 bytes).
    Removing stm32g4xx_hal_tim_ex.o(i.HAL_TIMEx_OnePulseN_Stop_IT), (244 bytes).
    Removing stm32g4xx_hal_tim_ex.o(i.HAL_TIMEx_PWMN_Start), (256 bytes).
    Removing stm32g4xx_hal_tim_ex.o(i.HAL_TIMEx_PWMN_Start_DMA), (560 bytes).
    Removing stm32g4xx_hal_tim_ex.o(i.HAL_TIMEx_PWMN_Start_IT), (344 bytes).
    Removing stm32g4xx_hal_tim_ex.o(i.HAL_TIMEx_PWMN_Stop), (136 bytes).
    Removing stm32g4xx_hal_tim_ex.o(i.HAL_TIMEx_PWMN_Stop_DMA), (236 bytes).
    Removing stm32g4xx_hal_tim_ex.o(i.HAL_TIMEx_PWMN_Stop_IT), (236 bytes).
    Removing stm32g4xx_hal_tim_ex.o(i.HAL_TIMEx_ReArmBreakInput), (136 bytes).
    Removing stm32g4xx_hal_tim_ex.o(i.HAL_TIMEx_RemapConfig), (52 bytes).
    Removing stm32g4xx_hal_tim_ex.o(i.HAL_TIMEx_TISelection), (180 bytes).
    Removing stm32g4xx_hal_tim_ex.o(i.TIMEx_DMACommutationCplt), (20 bytes).
    Removing stm32g4xx_hal_tim_ex.o(i.TIMEx_DMACommutationHalfCplt), (20 bytes).
    Removing stm32g4xx_hal_tim_ex.o(i.TIM_CCxNChannelCmd), (34 bytes).
    Removing stm32g4xx_hal_tim_ex.o(i.TIM_DMADelayPulseNCplt), (104 bytes).
    Removing stm32g4xx_hal_tim_ex.o(i.TIM_DMAErrorCCxN), (68 bytes).
    Removing system_stm32g4xx.o(.rev16_text), (4 bytes).
    Removing system_stm32g4xx.o(.revsh_text), (4 bytes).
    Removing system_stm32g4xx.o(.rrx_text), (6 bytes).
    Removing system_stm32g4xx.o(i.SystemCoreClockUpdate), (156 bytes).
    Removing multi_button.o(i.button_attach), (10 bytes).
    Removing multi_button.o(i.button_handler), (544 bytes).
    Removing multi_button.o(i.button_init), (50 bytes).
    Removing multi_button.o(i.button_start), (44 bytes).
    Removing multi_button.o(i.button_stop), (36 bytes).
    Removing multi_button.o(i.button_ticks), (28 bytes).
    Removing multi_button.o(i.get_button_event), (8 bytes).
    Removing multi_button.o(.data), (4 bytes).
    Removing multi_timer.o(i.timer_init), (20 bytes).
    Removing multi_timer.o(i.timer_loop), (60 bytes).
    Removing multi_timer.o(i.timer_start), (44 bytes).
    Removing multi_timer.o(i.timer_stop), (36 bytes).
    Removing contorltask.o(.rev16_text), (4 bytes).
    Removing contorltask.o(.revsh_text), (4 bytes).
    Removing contorltask.o(.rrx_text), (6 bytes).
    Removing mybutton.o(.rev16_text), (4 bytes).
    Removing mybutton.o(.revsh_text), (4 bytes).
    Removing mybutton.o(.rrx_text), (6 bytes).
    Removing mybutton.o(i.BTN1_DOUBLE_Click_Handler), (36 bytes).
    Removing mybutton.o(i.BTN1_SINGLE_Click_Handler), (36 bytes).
    Removing mybutton.o(i.MyButtonInit), (56 bytes).
    Removing mybutton.o(i.read_button1_GPIO), (14 bytes).
    Removing mybutton.o(.bss), (40 bytes).
    Removing mybutton.o(.data), (8 bytes).
    Removing mytimer.o(.rev16_text), (4 bytes).
    Removing mytimer.o(.revsh_text), (4 bytes).
    Removing mytimer.o(.rrx_text), (6 bytes).
    Removing mytimer.o(i.MyTimerInit), (36 bytes).
    Removing mytimer.o(i.timer1_callback), (8 bytes).
    Removing mytimer.o(i.timer2_callback), (2 bytes).
    Removing mytimer.o(.bss), (32 bytes).
    Removing mypid.o(.rev16_text), (4 bytes).
    Removing mypid.o(.revsh_text), (4 bytes).
    Removing mypid.o(.rrx_text), (6 bytes).
    Removing mypid.o(i.PIDController_Init), (32 bytes).
    Removing mypid.o(i.PIDController_Update), (198 bytes).
    Removing moving-average.o(.rev16_text), (4 bytes).
    Removing moving-average.o(.revsh_text), (4 bytes).
    Removing moving-average.o(.rrx_text), (6 bytes).

672 unused section(s) (total 73374 bytes) removed from the image.

==============================================================================

Image Symbol Table

    Local Symbols

    Symbol Name                              Value     Ov Type        Size  Object(Section)

    ../Core/Src/adc.c                        0x00000000   Number         0  adc.o ABSOLUTE
    ../Core/Src/dma.c                        0x00000000   Number         0  dma.o ABSOLUTE
    ../Core/Src/gpio.c                       0x00000000   Number         0  gpio.o ABSOLUTE
    ../Core/Src/hrtim.c                      0x00000000   Number         0  hrtim.o ABSOLUTE
    ../Core/Src/main.c                       0x00000000   Number         0  main.o ABSOLUTE
    ../Core/Src/stm32g4xx_hal_msp.c          0x00000000   Number         0  stm32g4xx_hal_msp.o ABSOLUTE
    ../Core/Src/stm32g4xx_it.c               0x00000000   Number         0  stm32g4xx_it.o ABSOLUTE
    ../Core/Src/system_stm32g4xx.c           0x00000000   Number         0  system_stm32g4xx.o ABSOLUTE
    ../Core/Src/tim.c                        0x00000000   Number         0  tim.o ABSOLUTE
    ../Drivers/STM32G4xx_HAL_Driver/Src/stm32g4xx_hal.c 0x00000000   Number         0  stm32g4xx_hal.o ABSOLUTE
    ../Drivers/STM32G4xx_HAL_Driver/Src/stm32g4xx_hal_adc.c 0x00000000   Number         0  stm32g4xx_hal_adc.o ABSOLUTE
    ../Drivers/STM32G4xx_HAL_Driver/Src/stm32g4xx_hal_adc_ex.c 0x00000000   Number         0  stm32g4xx_hal_adc_ex.o ABSOLUTE
    ../Drivers/STM32G4xx_HAL_Driver/Src/stm32g4xx_hal_cortex.c 0x00000000   Number         0  stm32g4xx_hal_cortex.o ABSOLUTE
    ../Drivers/STM32G4xx_HAL_Driver/Src/stm32g4xx_hal_dma.c 0x00000000   Number         0  stm32g4xx_hal_dma.o ABSOLUTE
    ../Drivers/STM32G4xx_HAL_Driver/Src/stm32g4xx_hal_dma_ex.c 0x00000000   Number         0  stm32g4xx_hal_dma_ex.o ABSOLUTE
    ../Drivers/STM32G4xx_HAL_Driver/Src/stm32g4xx_hal_exti.c 0x00000000   Number         0  stm32g4xx_hal_exti.o ABSOLUTE
    ../Drivers/STM32G4xx_HAL_Driver/Src/stm32g4xx_hal_flash.c 0x00000000   Number         0  stm32g4xx_hal_flash.o ABSOLUTE
    ../Drivers/STM32G4xx_HAL_Driver/Src/stm32g4xx_hal_flash_ex.c 0x00000000   Number         0  stm32g4xx_hal_flash_ex.o ABSOLUTE
    ../Drivers/STM32G4xx_HAL_Driver/Src/stm32g4xx_hal_flash_ramfunc.c 0x00000000   Number         0  stm32g4xx_hal_flash_ramfunc.o ABSOLUTE
    ../Drivers/STM32G4xx_HAL_Driver/Src/stm32g4xx_hal_gpio.c 0x00000000   Number         0  stm32g4xx_hal_gpio.o ABSOLUTE
    ../Drivers/STM32G4xx_HAL_Driver/Src/stm32g4xx_hal_hrtim.c 0x00000000   Number         0  stm32g4xx_hal_hrtim.o ABSOLUTE
    ../Drivers/STM32G4xx_HAL_Driver/Src/stm32g4xx_hal_pwr.c 0x00000000   Number         0  stm32g4xx_hal_pwr.o ABSOLUTE
    ../Drivers/STM32G4xx_HAL_Driver/Src/stm32g4xx_hal_pwr_ex.c 0x00000000   Number         0  stm32g4xx_hal_pwr_ex.o ABSOLUTE
    ../Drivers/STM32G4xx_HAL_Driver/Src/stm32g4xx_hal_rcc.c 0x00000000   Number         0  stm32g4xx_hal_rcc.o ABSOLUTE
    ../Drivers/STM32G4xx_HAL_Driver/Src/stm32g4xx_hal_rcc_ex.c 0x00000000   Number         0  stm32g4xx_hal_rcc_ex.o ABSOLUTE
    ../Drivers/STM32G4xx_HAL_Driver/Src/stm32g4xx_hal_tim.c 0x00000000   Number         0  stm32g4xx_hal_tim.o ABSOLUTE
    ../Drivers/STM32G4xx_HAL_Driver/Src/stm32g4xx_hal_tim_ex.c 0x00000000   Number         0  stm32g4xx_hal_tim_ex.o ABSOLUTE
    ../Drivers/STM32G4xx_HAL_Driver/Src/stm32g4xx_ll_adc.c 0x00000000   Number         0  stm32g4xx_ll_adc.o ABSOLUTE
    ../clib/microlib/init/entry.s            0x00000000   Number         0  entry7a.o ABSOLUTE
    ../clib/microlib/init/entry.s            0x00000000   Number         0  entry5.o ABSOLUTE
    ../clib/microlib/init/entry.s            0x00000000   Number         0  entry2.o ABSOLUTE
    ../clib/microlib/init/entry.s            0x00000000   Number         0  entry11b.o ABSOLUTE
    ../clib/microlib/init/entry.s            0x00000000   Number         0  entry11a.o ABSOLUTE
    ../clib/microlib/init/entry.s            0x00000000   Number         0  entry10a.o ABSOLUTE
    ../clib/microlib/init/entry.s            0x00000000   Number         0  entry10b.o ABSOLUTE
    ../clib/microlib/init/entry.s            0x00000000   Number         0  entry.o ABSOLUTE
    ../clib/microlib/init/entry.s            0x00000000   Number         0  entry9b.o ABSOLUTE
    ../clib/microlib/init/entry.s            0x00000000   Number         0  entry9a.o ABSOLUTE
    ../clib/microlib/init/entry.s            0x00000000   Number         0  entry8b.o ABSOLUTE
    ../clib/microlib/init/entry.s            0x00000000   Number         0  entry8a.o ABSOLUTE
    ../clib/microlib/init/entry.s            0x00000000   Number         0  entry7b.o ABSOLUTE
    ../clib/microlib/malloc/malloc.c         0x00000000   Number         0  mallocra.o ABSOLUTE
    ../clib/microlib/malloc/malloc.c         0x00000000   Number         0  mallocr.o ABSOLUTE
    ../clib/microlib/malloc/malloc.c         0x00000000   Number         0  malloc.o ABSOLUTE
    ../clib/microlib/malloc/malloc.c         0x00000000   Number         0  malloca.o ABSOLUTE
    ../clib/microlib/malloc/mvars.c          0x00000000   Number         0  mvars.o ABSOLUTE
    ../clib/microlib/string/memcpy.c         0x00000000   Number         0  memcpya.o ABSOLUTE
    ../clib/microlib/string/memcpy.c         0x00000000   Number         0  memcpyb.o ABSOLUTE
    ../clib/microlib/string/memset.c         0x00000000   Number         0  memseta.o ABSOLUTE
    ..\Core\Src\MovingAverageLib\moving-average.c 0x00000000   Number         0  moving-average.o ABSOLUTE
    ..\Core\Src\MultiButton\multi_button.c   0x00000000   Number         0  multi_button.o ABSOLUTE
    ..\Core\Src\MultiTimer\multi_timer.c     0x00000000   Number         0  multi_timer.o ABSOLUTE
    ..\Core\Src\Src\ContorlTask.c            0x00000000   Number         0  contorltask.o ABSOLUTE
    ..\Core\Src\Src\MyButton.c               0x00000000   Number         0  mybutton.o ABSOLUTE
    ..\Core\Src\Src\MyPid.c                  0x00000000   Number         0  mypid.o ABSOLUTE
    ..\Core\Src\Src\MyTimer.c                0x00000000   Number         0  mytimer.o ABSOLUTE
    ..\Core\Src\adc.c                        0x00000000   Number         0  adc.o ABSOLUTE
    ..\Core\Src\dma.c                        0x00000000   Number         0  dma.o ABSOLUTE
    ..\Core\Src\gpio.c                       0x00000000   Number         0  gpio.o ABSOLUTE
    ..\Core\Src\hrtim.c                      0x00000000   Number         0  hrtim.o ABSOLUTE
    ..\Core\Src\main.c                       0x00000000   Number         0  main.o ABSOLUTE
    ..\Core\Src\stm32g4xx_hal_msp.c          0x00000000   Number         0  stm32g4xx_hal_msp.o ABSOLUTE
    ..\Core\Src\stm32g4xx_it.c               0x00000000   Number         0  stm32g4xx_it.o ABSOLUTE
    ..\Core\Src\system_stm32g4xx.c           0x00000000   Number         0  system_stm32g4xx.o ABSOLUTE
    ..\Core\Src\tim.c                        0x00000000   Number         0  tim.o ABSOLUTE
    ..\Drivers\STM32G4xx_HAL_Driver\Src\stm32g4xx_hal.c 0x00000000   Number         0  stm32g4xx_hal.o ABSOLUTE
    ..\Drivers\STM32G4xx_HAL_Driver\Src\stm32g4xx_hal_adc.c 0x00000000   Number         0  stm32g4xx_hal_adc.o ABSOLUTE
    ..\Drivers\STM32G4xx_HAL_Driver\Src\stm32g4xx_hal_adc_ex.c 0x00000000   Number         0  stm32g4xx_hal_adc_ex.o ABSOLUTE
    ..\Drivers\STM32G4xx_HAL_Driver\Src\stm32g4xx_hal_cortex.c 0x00000000   Number         0  stm32g4xx_hal_cortex.o ABSOLUTE
    ..\Drivers\STM32G4xx_HAL_Driver\Src\stm32g4xx_hal_dma.c 0x00000000   Number         0  stm32g4xx_hal_dma.o ABSOLUTE
    ..\Drivers\STM32G4xx_HAL_Driver\Src\stm32g4xx_hal_dma_ex.c 0x00000000   Number         0  stm32g4xx_hal_dma_ex.o ABSOLUTE
    ..\Drivers\STM32G4xx_HAL_Driver\Src\stm32g4xx_hal_exti.c 0x00000000   Number         0  stm32g4xx_hal_exti.o ABSOLUTE
    ..\Drivers\STM32G4xx_HAL_Driver\Src\stm32g4xx_hal_flash.c 0x00000000   Number         0  stm32g4xx_hal_flash.o ABSOLUTE
    ..\Drivers\STM32G4xx_HAL_Driver\Src\stm32g4xx_hal_flash_ex.c 0x00000000   Number         0  stm32g4xx_hal_flash_ex.o ABSOLUTE
    ..\Drivers\STM32G4xx_HAL_Driver\Src\stm32g4xx_hal_flash_ramfunc.c 0x00000000   Number         0  stm32g4xx_hal_flash_ramfunc.o ABSOLUTE
    ..\Drivers\STM32G4xx_HAL_Driver\Src\stm32g4xx_hal_gpio.c 0x00000000   Number         0  stm32g4xx_hal_gpio.o ABSOLUTE
    ..\Drivers\STM32G4xx_HAL_Driver\Src\stm32g4xx_hal_hrtim.c 0x00000000   Number         0  stm32g4xx_hal_hrtim.o ABSOLUTE
    ..\Drivers\STM32G4xx_HAL_Driver\Src\stm32g4xx_hal_pwr.c 0x00000000   Number         0  stm32g4xx_hal_pwr.o ABSOLUTE
    ..\Drivers\STM32G4xx_HAL_Driver\Src\stm32g4xx_hal_pwr_ex.c 0x00000000   Number         0  stm32g4xx_hal_pwr_ex.o ABSOLUTE
    ..\Drivers\STM32G4xx_HAL_Driver\Src\stm32g4xx_hal_rcc.c 0x00000000   Number         0  stm32g4xx_hal_rcc.o ABSOLUTE
    ..\Drivers\STM32G4xx_HAL_Driver\Src\stm32g4xx_hal_rcc_ex.c 0x00000000   Number         0  stm32g4xx_hal_rcc_ex.o ABSOLUTE
    ..\Drivers\STM32G4xx_HAL_Driver\Src\stm32g4xx_hal_tim.c 0x00000000   Number         0  stm32g4xx_hal_tim.o ABSOLUTE
    ..\Drivers\STM32G4xx_HAL_Driver\Src\stm32g4xx_hal_tim_ex.c 0x00000000   Number         0  stm32g4xx_hal_tim_ex.o ABSOLUTE
    ..\\Core\\Src\\MovingAverageLib\\moving-average.c 0x00000000   Number         0  moving-average.o ABSOLUTE
    ..\\Core\\Src\\Src\\ContorlTask.c        0x00000000   Number         0  contorltask.o ABSOLUTE
    ..\\Core\\Src\\Src\\MyButton.c           0x00000000   Number         0  mybutton.o ABSOLUTE
    ..\\Core\\Src\\Src\\MyPid.c              0x00000000   Number         0  mypid.o ABSOLUTE
    ..\\Core\\Src\\Src\\MyTimer.c            0x00000000   Number         0  mytimer.o ABSOLUTE
    dc.s                                     0x00000000   Number         0  dc.o ABSOLUTE
    handlers.s                               0x00000000   Number         0  handlers.o ABSOLUTE
    init.s                                   0x00000000   Number         0  init.o ABSOLUTE
    startup_stm32g474xx.s                    0x00000000   Number         0  startup_stm32g474xx.o ABSOLUTE
    RESET                                    0x08000000   Section      472  startup_stm32g474xx.o(RESET)
    .ARM.Collect$$$$00000000                 0x080001d8   Section        0  entry.o(.ARM.Collect$$$$00000000)
    .ARM.Collect$$$$00000001                 0x080001d8   Section        4  entry2.o(.ARM.Collect$$$$00000001)
    .ARM.Collect$$$$00000004                 0x080001dc   Section        4  entry5.o(.ARM.Collect$$$$00000004)
    .ARM.Collect$$$$00000008                 0x080001e0   Section        0  entry7b.o(.ARM.Collect$$$$00000008)
    .ARM.Collect$$$$0000000A                 0x080001e0   Section        0  entry8b.o(.ARM.Collect$$$$0000000A)
    .ARM.Collect$$$$0000000B                 0x080001e0   Section        8  entry9a.o(.ARM.Collect$$$$0000000B)
    .ARM.Collect$$$$0000000D                 0x080001e8   Section        0  entry10a.o(.ARM.Collect$$$$0000000D)
    .ARM.Collect$$$$0000000F                 0x080001e8   Section        0  entry11a.o(.ARM.Collect$$$$0000000F)
    .ARM.Collect$$$$00002712                 0x080001e8   Section        4  entry2.o(.ARM.Collect$$$$00002712)
    __lit__00000000                          0x080001e8   Data           4  entry2.o(.ARM.Collect$$$$00002712)
    .text                                    0x080001ec   Section       36  startup_stm32g474xx.o(.text)
    $v0                                      0x080001ec   Number         0  startup_stm32g474xx.o(.text)
    .text                                    0x08000210   Section        0  memseta.o(.text)
    .text                                    0x08000234   Section       36  init.o(.text)
    i.ADC_DMAConvCplt                        0x08000258   Section        0  stm32g4xx_hal_adc.o(i.ADC_DMAConvCplt)
    i.ADC_DMAError                           0x080002ea   Section        0  stm32g4xx_hal_adc.o(i.ADC_DMAError)
    i.ADC_DMAHalfConvCplt                    0x08000308   Section        0  stm32g4xx_hal_adc.o(i.ADC_DMAHalfConvCplt)
    i.ADC_Disable                            0x08000318   Section        0  stm32g4xx_hal_adc.o(i.ADC_Disable)
    i.ADC_Enable                             0x080003a0   Section        0  stm32g4xx_hal_adc.o(i.ADC_Enable)
    i.BusFault_Handler                       0x08000418   Section        0  stm32g4xx_it.o(i.BusFault_Handler)
    i.DMA1_Channel1_IRQHandler               0x0800041c   Section        0  stm32g4xx_it.o(i.DMA1_Channel1_IRQHandler)
    i.DMA_CalcDMAMUXChannelBaseAndMask       0x0800042c   Section        0  stm32g4xx_hal_dma.o(i.DMA_CalcDMAMUXChannelBaseAndMask)
    DMA_CalcDMAMUXChannelBaseAndMask         0x0800042d   Thumb Code    58  stm32g4xx_hal_dma.o(i.DMA_CalcDMAMUXChannelBaseAndMask)
    i.DMA_CalcDMAMUXRequestGenBaseAndMask    0x08000470   Section        0  stm32g4xx_hal_dma.o(i.DMA_CalcDMAMUXRequestGenBaseAndMask)
    DMA_CalcDMAMUXRequestGenBaseAndMask      0x08000471   Thumb Code    32  stm32g4xx_hal_dma.o(i.DMA_CalcDMAMUXRequestGenBaseAndMask)
    i.DMA_SetConfig                          0x08000494   Section        0  stm32g4xx_hal_dma.o(i.DMA_SetConfig)
    DMA_SetConfig                            0x08000495   Thumb Code    64  stm32g4xx_hal_dma.o(i.DMA_SetConfig)
    i.DebugMon_Handler                       0x080004d4   Section        0  stm32g4xx_it.o(i.DebugMon_Handler)
    i.Error_Handler                          0x080004d6   Section        0  main.o(i.Error_Handler)
    i.HAL_ADCEx_Calibration_Start            0x080004dc   Section        0  stm32g4xx_hal_adc_ex.o(i.HAL_ADCEx_Calibration_Start)
    i.HAL_ADCEx_MultiModeConfigChannel       0x0800058c   Section        0  stm32g4xx_hal_adc_ex.o(i.HAL_ADCEx_MultiModeConfigChannel)
    i.HAL_ADC_ConfigChannel                  0x08000738   Section        0  stm32g4xx_hal_adc.o(i.HAL_ADC_ConfigChannel)
    i.HAL_ADC_ConvCpltCallback               0x08000cb4   Section        0  stm32g4xx_hal_adc.o(i.HAL_ADC_ConvCpltCallback)
    i.HAL_ADC_ConvHalfCpltCallback           0x08000cb6   Section        0  stm32g4xx_hal_adc.o(i.HAL_ADC_ConvHalfCpltCallback)
    i.HAL_ADC_ErrorCallback                  0x08000cb8   Section        0  stm32g4xx_hal_adc.o(i.HAL_ADC_ErrorCallback)
    i.HAL_ADC_Init                           0x08000cbc   Section        0  stm32g4xx_hal_adc.o(i.HAL_ADC_Init)
    i.HAL_ADC_MspInit                        0x08000f7c   Section        0  adc.o(i.HAL_ADC_MspInit)
    i.HAL_ADC_Start_DMA                      0x08001028   Section        0  stm32g4xx_hal_adc.o(i.HAL_ADC_Start_DMA)
    i.HAL_DMA_IRQHandler                     0x0800116c   Section        0  stm32g4xx_hal_dma.o(i.HAL_DMA_IRQHandler)
    i.HAL_DMA_Init                           0x0800126c   Section        0  stm32g4xx_hal_dma.o(i.HAL_DMA_Init)
    i.HAL_DMA_Start_IT                       0x0800133c   Section        0  stm32g4xx_hal_dma.o(i.HAL_DMA_Start_IT)
    i.HAL_Delay                              0x08001400   Section        0  stm32g4xx_hal.o(i.HAL_Delay)
    i.HAL_GPIO_Init                          0x08001428   Section        0  stm32g4xx_hal_gpio.o(i.HAL_GPIO_Init)
    i.HAL_GPIO_WritePin                      0x08001600   Section        0  stm32g4xx_hal_gpio.o(i.HAL_GPIO_WritePin)
    i.HAL_GetTick                            0x0800160c   Section        0  stm32g4xx_hal.o(i.HAL_GetTick)
    i.HAL_HRTIM_ADCPostScalerConfig          0x08001618   Section        0  stm32g4xx_hal_hrtim.o(i.HAL_HRTIM_ADCPostScalerConfig)
    i.HAL_HRTIM_ADCTriggerConfig             0x08001760   Section        0  stm32g4xx_hal_hrtim.o(i.HAL_HRTIM_ADCTriggerConfig)
    i.HAL_HRTIM_DLLCalibrationStart          0x080019ce   Section        0  stm32g4xx_hal_hrtim.o(i.HAL_HRTIM_DLLCalibrationStart)
    i.HAL_HRTIM_Init                         0x08001a50   Section        0  stm32g4xx_hal_hrtim.o(i.HAL_HRTIM_Init)
    i.HAL_HRTIM_MspInit                      0x08001b5c   Section        0  hrtim.o(i.HAL_HRTIM_MspInit)
    i.HAL_HRTIM_MspPostInit                  0x08001b8c   Section        0  hrtim.o(i.HAL_HRTIM_MspPostInit)
    i.HAL_HRTIM_PollForDLLCalibration        0x08001be8   Section        0  stm32g4xx_hal_hrtim.o(i.HAL_HRTIM_PollForDLLCalibration)
    i.HAL_HRTIM_TimeBaseConfig               0x08001c32   Section        0  stm32g4xx_hal_hrtim.o(i.HAL_HRTIM_TimeBaseConfig)
    i.HAL_HRTIM_WaveformCompareConfig        0x08001c6c   Section        0  stm32g4xx_hal_hrtim.o(i.HAL_HRTIM_WaveformCompareConfig)
    i.HAL_HRTIM_WaveformCountStart           0x08001e64   Section        0  stm32g4xx_hal_hrtim.o(i.HAL_HRTIM_WaveformCountStart)
    i.HAL_HRTIM_WaveformOutputConfig         0x08001ea0   Section        0  stm32g4xx_hal_hrtim.o(i.HAL_HRTIM_WaveformOutputConfig)
    i.HAL_HRTIM_WaveformOutputStart          0x08001ef4   Section        0  stm32g4xx_hal_hrtim.o(i.HAL_HRTIM_WaveformOutputStart)
    i.HAL_HRTIM_WaveformTimerConfig          0x08001f34   Section        0  stm32g4xx_hal_hrtim.o(i.HAL_HRTIM_WaveformTimerConfig)
    i.HAL_HRTIM_WaveformTimerControl         0x08001fe6   Section        0  stm32g4xx_hal_hrtim.o(i.HAL_HRTIM_WaveformTimerControl)
    i.HAL_IncTick                            0x0800203c   Section        0  stm32g4xx_hal.o(i.HAL_IncTick)
    i.HAL_Init                               0x08002054   Section        0  stm32g4xx_hal.o(i.HAL_Init)
    i.HAL_InitTick                           0x08002074   Section        0  stm32g4xx_hal.o(i.HAL_InitTick)
    i.HAL_MspInit                            0x080020cc   Section        0  stm32g4xx_hal_msp.o(i.HAL_MspInit)
    i.HAL_NVIC_EnableIRQ                     0x08002110   Section        0  stm32g4xx_hal_cortex.o(i.HAL_NVIC_EnableIRQ)
    i.HAL_NVIC_SetPriority                   0x08002138   Section        0  stm32g4xx_hal_cortex.o(i.HAL_NVIC_SetPriority)
    i.HAL_NVIC_SetPriorityGrouping           0x080021b4   Section        0  stm32g4xx_hal_cortex.o(i.HAL_NVIC_SetPriorityGrouping)
    i.HAL_PWREx_ControlVoltageScaling        0x080021dc   Section        0  stm32g4xx_hal_pwr_ex.o(i.HAL_PWREx_ControlVoltageScaling)
    i.HAL_PWREx_DisableUCPDDeadBattery       0x080022f4   Section        0  stm32g4xx_hal_pwr_ex.o(i.HAL_PWREx_DisableUCPDDeadBattery)
    i.HAL_RCCEx_PeriphCLKConfig              0x08002308   Section        0  stm32g4xx_hal_rcc_ex.o(i.HAL_RCCEx_PeriphCLKConfig)
    i.HAL_RCC_ClockConfig                    0x08002720   Section        0  stm32g4xx_hal_rcc.o(i.HAL_RCC_ClockConfig)
    i.HAL_RCC_GetSysClockFreq                0x08002944   Section        0  stm32g4xx_hal_rcc.o(i.HAL_RCC_GetSysClockFreq)
    i.HAL_RCC_OscConfig                      0x080029dc   Section        0  stm32g4xx_hal_rcc.o(i.HAL_RCC_OscConfig)
    i.HAL_SYSTICK_Callback                   0x08002f44   Section        0  mytimer.o(i.HAL_SYSTICK_Callback)
    i.HAL_SYSTICK_Config                     0x08002f4c   Section        0  stm32g4xx_hal_cortex.o(i.HAL_SYSTICK_Config)
    i.HAL_SYSTICK_IRQHandler                 0x08002f80   Section        0  stm32g4xx_hal_cortex.o(i.HAL_SYSTICK_IRQHandler)
    i.HAL_TIMEx_Break2Callback               0x08002f88   Section        0  stm32g4xx_hal_tim_ex.o(i.HAL_TIMEx_Break2Callback)
    i.HAL_TIMEx_BreakCallback                0x08002f8a   Section        0  stm32g4xx_hal_tim_ex.o(i.HAL_TIMEx_BreakCallback)
    i.HAL_TIMEx_CommutCallback               0x08002f8c   Section        0  stm32g4xx_hal_tim_ex.o(i.HAL_TIMEx_CommutCallback)
    i.HAL_TIMEx_DirectionChangeCallback      0x08002f8e   Section        0  stm32g4xx_hal_tim_ex.o(i.HAL_TIMEx_DirectionChangeCallback)
    i.HAL_TIMEx_EncoderIndexCallback         0x08002f90   Section        0  stm32g4xx_hal_tim_ex.o(i.HAL_TIMEx_EncoderIndexCallback)
    i.HAL_TIMEx_IndexErrorCallback           0x08002f92   Section        0  stm32g4xx_hal_tim_ex.o(i.HAL_TIMEx_IndexErrorCallback)
    i.HAL_TIMEx_MasterConfigSynchronization  0x08002f94   Section        0  stm32g4xx_hal_tim_ex.o(i.HAL_TIMEx_MasterConfigSynchronization)
    i.HAL_TIMEx_TransitionErrorCallback      0x0800306c   Section        0  stm32g4xx_hal_tim_ex.o(i.HAL_TIMEx_TransitionErrorCallback)
    i.HAL_TIM_Base_Init                      0x0800306e   Section        0  stm32g4xx_hal_tim.o(i.HAL_TIM_Base_Init)
    i.HAL_TIM_Base_MspInit                   0x080030dc   Section        0  tim.o(i.HAL_TIM_Base_MspInit)
    i.HAL_TIM_Base_Start_IT                  0x08003120   Section        0  stm32g4xx_hal_tim.o(i.HAL_TIM_Base_Start_IT)
    i.HAL_TIM_IC_CaptureCallback             0x080031d4   Section        0  stm32g4xx_hal_tim.o(i.HAL_TIM_IC_CaptureCallback)
    i.HAL_TIM_IRQHandler                     0x080031d6   Section        0  stm32g4xx_hal_tim.o(i.HAL_TIM_IRQHandler)
    i.HAL_TIM_OC_DelayElapsedCallback        0x08003416   Section        0  stm32g4xx_hal_tim.o(i.HAL_TIM_OC_DelayElapsedCallback)
    i.HAL_TIM_PWM_PulseFinishedCallback      0x08003418   Section        0  stm32g4xx_hal_tim.o(i.HAL_TIM_PWM_PulseFinishedCallback)
    i.HAL_TIM_PeriodElapsedCallback          0x0800341a   Section        0  stm32g4xx_hal_tim.o(i.HAL_TIM_PeriodElapsedCallback)
    i.HAL_TIM_TriggerCallback                0x0800341c   Section        0  stm32g4xx_hal_tim.o(i.HAL_TIM_TriggerCallback)
    i.HRTIM_ForceRegistersUpdate             0x0800341e   Section        0  stm32g4xx_hal_hrtim.o(i.HRTIM_ForceRegistersUpdate)
    HRTIM_ForceRegistersUpdate               0x0800341f   Thumb Code   148  stm32g4xx_hal_hrtim.o(i.HRTIM_ForceRegistersUpdate)
    i.HRTIM_MasterBase_Config                0x080034b2   Section        0  stm32g4xx_hal_hrtim.o(i.HRTIM_MasterBase_Config)
    HRTIM_MasterBase_Config                  0x080034b3   Thumb Code    40  stm32g4xx_hal_hrtim.o(i.HRTIM_MasterBase_Config)
    i.HRTIM_MasterWaveform_Config            0x080034da   Section        0  stm32g4xx_hal_hrtim.o(i.HRTIM_MasterWaveform_Config)
    HRTIM_MasterWaveform_Config              0x080034db   Thumb Code   158  stm32g4xx_hal_hrtim.o(i.HRTIM_MasterWaveform_Config)
    i.HRTIM_OutputConfig                     0x08003578   Section        0  stm32g4xx_hal_hrtim.o(i.HRTIM_OutputConfig)
    HRTIM_OutputConfig                       0x08003579   Thumb Code   262  stm32g4xx_hal_hrtim.o(i.HRTIM_OutputConfig)
    i.HRTIM_TimingUnitBase_Config            0x0800367e   Section        0  stm32g4xx_hal_hrtim.o(i.HRTIM_TimingUnitBase_Config)
    HRTIM_TimingUnitBase_Config              0x0800367f   Thumb Code    64  stm32g4xx_hal_hrtim.o(i.HRTIM_TimingUnitBase_Config)
    i.HRTIM_TimingUnitWaveform_Config        0x080036c0   Section        0  stm32g4xx_hal_hrtim.o(i.HRTIM_TimingUnitWaveform_Config)
    HRTIM_TimingUnitWaveform_Config          0x080036c1   Thumb Code   604  stm32g4xx_hal_hrtim.o(i.HRTIM_TimingUnitWaveform_Config)
    i.HRTIM_TimingUnitWaveform_Control       0x08003920   Section        0  stm32g4xx_hal_hrtim.o(i.HRTIM_TimingUnitWaveform_Control)
    HRTIM_TimingUnitWaveform_Control         0x08003921   Thumb Code    90  stm32g4xx_hal_hrtim.o(i.HRTIM_TimingUnitWaveform_Control)
    i.HardFault_Handler                      0x0800397a   Section        0  stm32g4xx_it.o(i.HardFault_Handler)
    i.LL_ADC_Enable                          0x08003980   Section        0  stm32g4xx_hal_adc.o(i.LL_ADC_Enable)
    LL_ADC_Enable                            0x08003981   Thumb Code    12  stm32g4xx_hal_adc.o(i.LL_ADC_Enable)
    i.LL_ADC_GetMultimode                    0x08003990   Section        0  stm32g4xx_hal_adc.o(i.LL_ADC_GetMultimode)
    LL_ADC_GetMultimode                      0x08003991   Thumb Code    10  stm32g4xx_hal_adc.o(i.LL_ADC_GetMultimode)
    i.LL_ADC_GetOffsetChannel                0x0800399a   Section        0  stm32g4xx_hal_adc.o(i.LL_ADC_GetOffsetChannel)
    LL_ADC_GetOffsetChannel                  0x0800399b   Thumb Code    18  stm32g4xx_hal_adc.o(i.LL_ADC_GetOffsetChannel)
    i.LL_ADC_INJ_IsConversionOngoing         0x080039ac   Section        0  stm32g4xx_hal_adc.o(i.LL_ADC_INJ_IsConversionOngoing)
    LL_ADC_INJ_IsConversionOngoing           0x080039ad   Thumb Code    10  stm32g4xx_hal_adc.o(i.LL_ADC_INJ_IsConversionOngoing)
    i.LL_ADC_IsDisableOngoing                0x080039b6   Section        0  stm32g4xx_hal_adc.o(i.LL_ADC_IsDisableOngoing)
    LL_ADC_IsDisableOngoing                  0x080039b7   Thumb Code    10  stm32g4xx_hal_adc.o(i.LL_ADC_IsDisableOngoing)
    i.LL_ADC_IsEnabled                       0x080039c0   Section        0  stm32g4xx_hal_adc.o(i.LL_ADC_IsEnabled)
    LL_ADC_IsEnabled                         0x080039c1   Thumb Code    10  stm32g4xx_hal_adc.o(i.LL_ADC_IsEnabled)
    i.LL_ADC_IsEnabled                       0x080039ca   Section        0  stm32g4xx_hal_adc_ex.o(i.LL_ADC_IsEnabled)
    LL_ADC_IsEnabled                         0x080039cb   Thumb Code    10  stm32g4xx_hal_adc_ex.o(i.LL_ADC_IsEnabled)
    i.LL_ADC_IsInternalRegulatorEnabled      0x080039d4   Section        0  stm32g4xx_hal_adc.o(i.LL_ADC_IsInternalRegulatorEnabled)
    LL_ADC_IsInternalRegulatorEnabled        0x080039d5   Thumb Code    10  stm32g4xx_hal_adc.o(i.LL_ADC_IsInternalRegulatorEnabled)
    i.LL_ADC_REG_IsConversionOngoing         0x080039de   Section        0  stm32g4xx_hal_adc.o(i.LL_ADC_REG_IsConversionOngoing)
    LL_ADC_REG_IsConversionOngoing           0x080039df   Thumb Code    10  stm32g4xx_hal_adc.o(i.LL_ADC_REG_IsConversionOngoing)
    i.LL_ADC_REG_IsConversionOngoing         0x080039e8   Section        0  stm32g4xx_hal_adc_ex.o(i.LL_ADC_REG_IsConversionOngoing)
    LL_ADC_REG_IsConversionOngoing           0x080039e9   Thumb Code    10  stm32g4xx_hal_adc_ex.o(i.LL_ADC_REG_IsConversionOngoing)
    i.LL_ADC_REG_IsTriggerSourceSWStart      0x080039f2   Section        0  stm32g4xx_hal_adc.o(i.LL_ADC_REG_IsTriggerSourceSWStart)
    LL_ADC_REG_IsTriggerSourceSWStart        0x080039f3   Thumb Code    18  stm32g4xx_hal_adc.o(i.LL_ADC_REG_IsTriggerSourceSWStart)
    i.LL_ADC_REG_StartConversion             0x08003a04   Section        0  stm32g4xx_hal_adc.o(i.LL_ADC_REG_StartConversion)
    LL_ADC_REG_StartConversion               0x08003a05   Thumb Code    12  stm32g4xx_hal_adc.o(i.LL_ADC_REG_StartConversion)
    i.LL_ADC_SetChannelSamplingTime          0x08003a14   Section        0  stm32g4xx_hal_adc.o(i.LL_ADC_SetChannelSamplingTime)
    LL_ADC_SetChannelSamplingTime            0x08003a15   Thumb Code    40  stm32g4xx_hal_adc.o(i.LL_ADC_SetChannelSamplingTime)
    i.LL_ADC_SetCommonPathInternalCh         0x08003a3c   Section        0  stm32g4xx_hal_adc.o(i.LL_ADC_SetCommonPathInternalCh)
    LL_ADC_SetCommonPathInternalCh           0x08003a3d   Thumb Code    12  stm32g4xx_hal_adc.o(i.LL_ADC_SetCommonPathInternalCh)
    i.LL_ADC_SetOffsetState                  0x08003a48   Section        0  stm32g4xx_hal_adc.o(i.LL_ADC_SetOffsetState)
    LL_ADC_SetOffsetState                    0x08003a49   Thumb Code    22  stm32g4xx_hal_adc.o(i.LL_ADC_SetOffsetState)
    i.LL_ADC_SetSamplingTimeCommonConfig     0x08003a5e   Section        0  stm32g4xx_hal_adc.o(i.LL_ADC_SetSamplingTimeCommonConfig)
    LL_ADC_SetSamplingTimeCommonConfig       0x08003a5f   Thumb Code    12  stm32g4xx_hal_adc.o(i.LL_ADC_SetSamplingTimeCommonConfig)
    i.MX_ADC1_Init                           0x08003a6c   Section        0  adc.o(i.MX_ADC1_Init)
    i.MX_DMA_Init                            0x08003b24   Section        0  dma.o(i.MX_DMA_Init)
    i.MX_GPIO_Init                           0x08003b74   Section        0  gpio.o(i.MX_GPIO_Init)
    i.MX_HRTIM1_Init                         0x08003c24   Section        0  hrtim.o(i.MX_HRTIM1_Init)
    i.MX_TIM6_Init                           0x08003dc0   Section        0  tim.o(i.MX_TIM6_Init)
    i.MemManage_Handler                      0x08003e0c   Section        0  stm32g4xx_it.o(i.MemManage_Handler)
    i.NMI_Handler                            0x08003e10   Section        0  stm32g4xx_it.o(i.NMI_Handler)
    i.PendSV_Handler                         0x08003e14   Section        0  stm32g4xx_it.o(i.PendSV_Handler)
    i.RCC_GetSysClockFreqFromPLLSource       0x08003e18   Section        0  stm32g4xx_hal_rcc.o(i.RCC_GetSysClockFreqFromPLLSource)
    RCC_GetSysClockFreqFromPLLSource         0x08003e19   Thumb Code    90  stm32g4xx_hal_rcc.o(i.RCC_GetSysClockFreqFromPLLSource)
    i.SVC_Handler                            0x08003e80   Section        0  stm32g4xx_it.o(i.SVC_Handler)
    i.SysTick_Handler                        0x08003e82   Section        0  stm32g4xx_it.o(i.SysTick_Handler)
    i.SystemClock_Config                     0x08003e8e   Section        0  main.o(i.SystemClock_Config)
    i.SystemInit                             0x08003f18   Section        0  system_stm32g4xx.o(i.SystemInit)
    i.TIM6_DAC_IRQHandler                    0x08003f34   Section        0  stm32g4xx_it.o(i.TIM6_DAC_IRQHandler)
    i.TIM_Base_SetConfig                     0x08003fdc   Section        0  stm32g4xx_hal_tim.o(i.TIM_Base_SetConfig)
    i.UsageFault_Handler                     0x080040bc   Section        0  stm32g4xx_it.o(i.UsageFault_Handler)
    i.__NVIC_GetPriorityGrouping             0x080040c0   Section        0  stm32g4xx_hal_cortex.o(i.__NVIC_GetPriorityGrouping)
    __NVIC_GetPriorityGrouping               0x080040c1   Thumb Code    10  stm32g4xx_hal_cortex.o(i.__NVIC_GetPriorityGrouping)
    i.__NVIC_SetPriority                     0x080040d0   Section        0  stm32g4xx_hal_cortex.o(i.__NVIC_SetPriority)
    __NVIC_SetPriority                       0x080040d1   Thumb Code    32  stm32g4xx_hal_cortex.o(i.__NVIC_SetPriority)
    i.__scatterload_copy                     0x080040f8   Section       14  handlers.o(i.__scatterload_copy)
    i.__scatterload_null                     0x08004106   Section        2  handlers.o(i.__scatterload_null)
    i.__scatterload_zeroinit                 0x08004108   Section       14  handlers.o(i.__scatterload_zeroinit)
    i.free                                   0x08004118   Section        0  malloc.o(i.free)
    i.main                                   0x08004168   Section        0  main.o(i.main)
    i.malloc                                 0x08004208   Section        0  malloc.o(i.malloc)
    i.moving_average_create                  0x08004274   Section        0  moving-average.o(i.moving_average_create)
    i.moving_average_filter                  0x0800429c   Section        0  moving-average.o(i.moving_average_filter)
    i.timer_ticks                            0x0800430c   Section        0  multi_timer.o(i.timer_ticks)
    .constdata                               0x0800431c   Section       24  system_stm32g4xx.o(.constdata)
    .data                                    0x20000000   Section        4  main.o(.data)
    .data                                    0x20000004   Section        8  stm32g4xx_it.o(.data)
    .data                                    0x2000000c   Section       12  stm32g4xx_hal.o(.data)
    .data                                    0x20000018   Section        4  system_stm32g4xx.o(.data)
    .data                                    0x2000001c   Section        8  multi_timer.o(.data)
    head_handle                              0x2000001c   Data           4  multi_timer.o(.data)
    _timer_ticks                             0x20000020   Data           4  multi_timer.o(.data)
    .data                                    0x20000024   Section        4  mvars.o(.data)
    .data                                    0x20000028   Section        4  mvars.o(.data)
    .bss                                     0x2000002c   Section       24  main.o(.bss)
    .bss                                     0x20000044   Section      204  adc.o(.bss)
    .bss                                     0x20000110   Section      252  hrtim.o(.bss)
    .bss                                     0x2000020c   Section       76  tim.o(.bss)
    HEAP                                     0x20000258   Section     1024  startup_stm32g474xx.o(HEAP)
    STACK                                    0x20000658   Section     2048  startup_stm32g474xx.o(STACK)

    Global Symbols

    Symbol Name                              Value     Ov Type        Size  Object(Section)

    BuildAttributes$$THM_ISAv4$E$P$D$K$B$S$7EM$VFPi3$EXTD16$VFPS$VFMA$PE$A:L22UL41UL21$X:L11$S22US41US21$IEEE1$IW$USESV6$~STKCKD$USESV7$~SHL$OSPACE$EBA8$MICROLIB$REQ8$PRES8$EABIv2 0x00000000   Number         0  anon$$obj.o ABSOLUTE
    __ARM_use_no_argv                        0x00000000   Number         0  main.o ABSOLUTE
    __cpp_initialize__aeabi_                  - Undefined Weak Reference
    __cxa_finalize                            - Undefined Weak Reference
    __decompress                              - Undefined Weak Reference
    _clock_init                               - Undefined Weak Reference
    _microlib_exit                            - Undefined Weak Reference
    __Vectors_Size                           0x000001d8   Number         0  startup_stm32g474xx.o ABSOLUTE
    __Vectors                                0x08000000   Data           4  startup_stm32g474xx.o(RESET)
    __Vectors_End                            0x080001d8   Data           0  startup_stm32g474xx.o(RESET)
    __main                                   0x080001d9   Thumb Code     0  entry.o(.ARM.Collect$$$$00000000)
    _main_stk                                0x080001d9   Thumb Code     0  entry2.o(.ARM.Collect$$$$00000001)
    _main_scatterload                        0x080001dd   Thumb Code     0  entry5.o(.ARM.Collect$$$$00000004)
    __main_after_scatterload                 0x080001e1   Thumb Code     0  entry5.o(.ARM.Collect$$$$00000004)
    _main_clock                              0x080001e1   Thumb Code     0  entry7b.o(.ARM.Collect$$$$00000008)
    _main_cpp_init                           0x080001e1   Thumb Code     0  entry8b.o(.ARM.Collect$$$$0000000A)
    _main_init                               0x080001e1   Thumb Code     0  entry9a.o(.ARM.Collect$$$$0000000B)
    __rt_final_cpp                           0x080001e9   Thumb Code     0  entry10a.o(.ARM.Collect$$$$0000000D)
    __rt_final_exit                          0x080001e9   Thumb Code     0  entry11a.o(.ARM.Collect$$$$0000000F)
    Reset_Handler                            0x080001ed   Thumb Code     8  startup_stm32g474xx.o(.text)
    ADC1_2_IRQHandler                        0x08000207   Thumb Code     0  startup_stm32g474xx.o(.text)
    ADC3_IRQHandler                          0x08000207   Thumb Code     0  startup_stm32g474xx.o(.text)
    ADC4_IRQHandler                          0x08000207   Thumb Code     0  startup_stm32g474xx.o(.text)
    ADC5_IRQHandler                          0x08000207   Thumb Code     0  startup_stm32g474xx.o(.text)
    COMP1_2_3_IRQHandler                     0x08000207   Thumb Code     0  startup_stm32g474xx.o(.text)
    COMP4_5_6_IRQHandler                     0x08000207   Thumb Code     0  startup_stm32g474xx.o(.text)
    COMP7_IRQHandler                         0x08000207   Thumb Code     0  startup_stm32g474xx.o(.text)
    CORDIC_IRQHandler                        0x08000207   Thumb Code     0  startup_stm32g474xx.o(.text)
    CRS_IRQHandler                           0x08000207   Thumb Code     0  startup_stm32g474xx.o(.text)
    DMA1_Channel2_IRQHandler                 0x08000207   Thumb Code     0  startup_stm32g474xx.o(.text)
    DMA1_Channel3_IRQHandler                 0x08000207   Thumb Code     0  startup_stm32g474xx.o(.text)
    DMA1_Channel4_IRQHandler                 0x08000207   Thumb Code     0  startup_stm32g474xx.o(.text)
    DMA1_Channel5_IRQHandler                 0x08000207   Thumb Code     0  startup_stm32g474xx.o(.text)
    DMA1_Channel6_IRQHandler                 0x08000207   Thumb Code     0  startup_stm32g474xx.o(.text)
    DMA1_Channel7_IRQHandler                 0x08000207   Thumb Code     0  startup_stm32g474xx.o(.text)
    DMA1_Channel8_IRQHandler                 0x08000207   Thumb Code     0  startup_stm32g474xx.o(.text)
    DMA2_Channel1_IRQHandler                 0x08000207   Thumb Code     0  startup_stm32g474xx.o(.text)
    DMA2_Channel2_IRQHandler                 0x08000207   Thumb Code     0  startup_stm32g474xx.o(.text)
    DMA2_Channel3_IRQHandler                 0x08000207   Thumb Code     0  startup_stm32g474xx.o(.text)
    DMA2_Channel4_IRQHandler                 0x08000207   Thumb Code     0  startup_stm32g474xx.o(.text)
    DMA2_Channel5_IRQHandler                 0x08000207   Thumb Code     0  startup_stm32g474xx.o(.text)
    DMA2_Channel6_IRQHandler                 0x08000207   Thumb Code     0  startup_stm32g474xx.o(.text)
    DMA2_Channel7_IRQHandler                 0x08000207   Thumb Code     0  startup_stm32g474xx.o(.text)
    DMA2_Channel8_IRQHandler                 0x08000207   Thumb Code     0  startup_stm32g474xx.o(.text)
    DMAMUX_OVR_IRQHandler                    0x08000207   Thumb Code     0  startup_stm32g474xx.o(.text)
    EXTI0_IRQHandler                         0x08000207   Thumb Code     0  startup_stm32g474xx.o(.text)
    EXTI15_10_IRQHandler                     0x08000207   Thumb Code     0  startup_stm32g474xx.o(.text)
    EXTI1_IRQHandler                         0x08000207   Thumb Code     0  startup_stm32g474xx.o(.text)
    EXTI2_IRQHandler                         0x08000207   Thumb Code     0  startup_stm32g474xx.o(.text)
    EXTI3_IRQHandler                         0x08000207   Thumb Code     0  startup_stm32g474xx.o(.text)
    EXTI4_IRQHandler                         0x08000207   Thumb Code     0  startup_stm32g474xx.o(.text)
    EXTI9_5_IRQHandler                       0x08000207   Thumb Code     0  startup_stm32g474xx.o(.text)
    FDCAN1_IT0_IRQHandler                    0x08000207   Thumb Code     0  startup_stm32g474xx.o(.text)
    FDCAN1_IT1_IRQHandler                    0x08000207   Thumb Code     0  startup_stm32g474xx.o(.text)
    FDCAN2_IT0_IRQHandler                    0x08000207   Thumb Code     0  startup_stm32g474xx.o(.text)
    FDCAN2_IT1_IRQHandler                    0x08000207   Thumb Code     0  startup_stm32g474xx.o(.text)
    FDCAN3_IT0_IRQHandler                    0x08000207   Thumb Code     0  startup_stm32g474xx.o(.text)
    FDCAN3_IT1_IRQHandler                    0x08000207   Thumb Code     0  startup_stm32g474xx.o(.text)
    FLASH_IRQHandler                         0x08000207   Thumb Code     0  startup_stm32g474xx.o(.text)
    FMAC_IRQHandler                          0x08000207   Thumb Code     0  startup_stm32g474xx.o(.text)
    FMC_IRQHandler                           0x08000207   Thumb Code     0  startup_stm32g474xx.o(.text)
    FPU_IRQHandler                           0x08000207   Thumb Code     0  startup_stm32g474xx.o(.text)
    HRTIM1_FLT_IRQHandler                    0x08000207   Thumb Code     0  startup_stm32g474xx.o(.text)
    HRTIM1_Master_IRQHandler                 0x08000207   Thumb Code     0  startup_stm32g474xx.o(.text)
    HRTIM1_TIMA_IRQHandler                   0x08000207   Thumb Code     0  startup_stm32g474xx.o(.text)
    HRTIM1_TIMB_IRQHandler                   0x08000207   Thumb Code     0  startup_stm32g474xx.o(.text)
    HRTIM1_TIMC_IRQHandler                   0x08000207   Thumb Code     0  startup_stm32g474xx.o(.text)
    HRTIM1_TIMD_IRQHandler                   0x08000207   Thumb Code     0  startup_stm32g474xx.o(.text)
    HRTIM1_TIME_IRQHandler                   0x08000207   Thumb Code     0  startup_stm32g474xx.o(.text)
    HRTIM1_TIMF_IRQHandler                   0x08000207   Thumb Code     0  startup_stm32g474xx.o(.text)
    I2C1_ER_IRQHandler                       0x08000207   Thumb Code     0  startup_stm32g474xx.o(.text)
    I2C1_EV_IRQHandler                       0x08000207   Thumb Code     0  startup_stm32g474xx.o(.text)
    I2C2_ER_IRQHandler                       0x08000207   Thumb Code     0  startup_stm32g474xx.o(.text)
    I2C2_EV_IRQHandler                       0x08000207   Thumb Code     0  startup_stm32g474xx.o(.text)
    I2C3_ER_IRQHandler                       0x08000207   Thumb Code     0  startup_stm32g474xx.o(.text)
    I2C3_EV_IRQHandler                       0x08000207   Thumb Code     0  startup_stm32g474xx.o(.text)
    I2C4_ER_IRQHandler                       0x08000207   Thumb Code     0  startup_stm32g474xx.o(.text)
    I2C4_EV_IRQHandler                       0x08000207   Thumb Code     0  startup_stm32g474xx.o(.text)
    LPTIM1_IRQHandler                        0x08000207   Thumb Code     0  startup_stm32g474xx.o(.text)
    LPUART1_IRQHandler                       0x08000207   Thumb Code     0  startup_stm32g474xx.o(.text)
    PVD_PVM_IRQHandler                       0x08000207   Thumb Code     0  startup_stm32g474xx.o(.text)
    QUADSPI_IRQHandler                       0x08000207   Thumb Code     0  startup_stm32g474xx.o(.text)
    RCC_IRQHandler                           0x08000207   Thumb Code     0  startup_stm32g474xx.o(.text)
    RNG_IRQHandler                           0x08000207   Thumb Code     0  startup_stm32g474xx.o(.text)
    RTC_Alarm_IRQHandler                     0x08000207   Thumb Code     0  startup_stm32g474xx.o(.text)
    RTC_TAMP_LSECSS_IRQHandler               0x08000207   Thumb Code     0  startup_stm32g474xx.o(.text)
    RTC_WKUP_IRQHandler                      0x08000207   Thumb Code     0  startup_stm32g474xx.o(.text)
    SAI1_IRQHandler                          0x08000207   Thumb Code     0  startup_stm32g474xx.o(.text)
    SPI1_IRQHandler                          0x08000207   Thumb Code     0  startup_stm32g474xx.o(.text)
    SPI2_IRQHandler                          0x08000207   Thumb Code     0  startup_stm32g474xx.o(.text)
    SPI3_IRQHandler                          0x08000207   Thumb Code     0  startup_stm32g474xx.o(.text)
    SPI4_IRQHandler                          0x08000207   Thumb Code     0  startup_stm32g474xx.o(.text)
    TIM1_BRK_TIM15_IRQHandler                0x08000207   Thumb Code     0  startup_stm32g474xx.o(.text)
    TIM1_CC_IRQHandler                       0x08000207   Thumb Code     0  startup_stm32g474xx.o(.text)
    TIM1_TRG_COM_TIM17_IRQHandler            0x08000207   Thumb Code     0  startup_stm32g474xx.o(.text)
    TIM1_UP_TIM16_IRQHandler                 0x08000207   Thumb Code     0  startup_stm32g474xx.o(.text)
    TIM20_BRK_IRQHandler                     0x08000207   Thumb Code     0  startup_stm32g474xx.o(.text)
    TIM20_CC_IRQHandler                      0x08000207   Thumb Code     0  startup_stm32g474xx.o(.text)
    TIM20_TRG_COM_IRQHandler                 0x08000207   Thumb Code     0  startup_stm32g474xx.o(.text)
    TIM20_UP_IRQHandler                      0x08000207   Thumb Code     0  startup_stm32g474xx.o(.text)
    TIM2_IRQHandler                          0x08000207   Thumb Code     0  startup_stm32g474xx.o(.text)
    TIM3_IRQHandler                          0x08000207   Thumb Code     0  startup_stm32g474xx.o(.text)
    TIM4_IRQHandler                          0x08000207   Thumb Code     0  startup_stm32g474xx.o(.text)
    TIM5_IRQHandler                          0x08000207   Thumb Code     0  startup_stm32g474xx.o(.text)
    TIM7_DAC_IRQHandler                      0x08000207   Thumb Code     0  startup_stm32g474xx.o(.text)
    TIM8_BRK_IRQHandler                      0x08000207   Thumb Code     0  startup_stm32g474xx.o(.text)
    TIM8_CC_IRQHandler                       0x08000207   Thumb Code     0  startup_stm32g474xx.o(.text)
    TIM8_TRG_COM_IRQHandler                  0x08000207   Thumb Code     0  startup_stm32g474xx.o(.text)
    TIM8_UP_IRQHandler                       0x08000207   Thumb Code     0  startup_stm32g474xx.o(.text)
    UART4_IRQHandler                         0x08000207   Thumb Code     0  startup_stm32g474xx.o(.text)
    UART5_IRQHandler                         0x08000207   Thumb Code     0  startup_stm32g474xx.o(.text)
    UCPD1_IRQHandler                         0x08000207   Thumb Code     0  startup_stm32g474xx.o(.text)
    USART1_IRQHandler                        0x08000207   Thumb Code     0  startup_stm32g474xx.o(.text)
    USART2_IRQHandler                        0x08000207   Thumb Code     0  startup_stm32g474xx.o(.text)
    USART3_IRQHandler                        0x08000207   Thumb Code     0  startup_stm32g474xx.o(.text)
    USBWakeUp_IRQHandler                     0x08000207   Thumb Code     0  startup_stm32g474xx.o(.text)
    USB_HP_IRQHandler                        0x08000207   Thumb Code     0  startup_stm32g474xx.o(.text)
    USB_LP_IRQHandler                        0x08000207   Thumb Code     0  startup_stm32g474xx.o(.text)
    WWDG_IRQHandler                          0x08000207   Thumb Code     0  startup_stm32g474xx.o(.text)
    __aeabi_memset                           0x08000211   Thumb Code    14  memseta.o(.text)
    __aeabi_memset4                          0x08000211   Thumb Code     0  memseta.o(.text)
    __aeabi_memset8                          0x08000211   Thumb Code     0  memseta.o(.text)
    __aeabi_memclr                           0x0800021f   Thumb Code     4  memseta.o(.text)
    __aeabi_memclr4                          0x0800021f   Thumb Code     0  memseta.o(.text)
    __aeabi_memclr8                          0x0800021f   Thumb Code     0  memseta.o(.text)
    _memset$wrapper                          0x08000223   Thumb Code    18  memseta.o(.text)
    __scatterload                            0x08000235   Thumb Code    28  init.o(.text)
    __scatterload_rt2                        0x08000235   Thumb Code     0  init.o(.text)
    ADC_DMAConvCplt                          0x08000259   Thumb Code   146  stm32g4xx_hal_adc.o(i.ADC_DMAConvCplt)
    ADC_DMAError                             0x080002eb   Thumb Code    30  stm32g4xx_hal_adc.o(i.ADC_DMAError)
    ADC_DMAHalfConvCplt                      0x08000309   Thumb Code    14  stm32g4xx_hal_adc.o(i.ADC_DMAHalfConvCplt)
    ADC_Disable                              0x08000319   Thumb Code   132  stm32g4xx_hal_adc.o(i.ADC_Disable)
    ADC_Enable                               0x080003a1   Thumb Code   116  stm32g4xx_hal_adc.o(i.ADC_Enable)
    BusFault_Handler                         0x08000419   Thumb Code     4  stm32g4xx_it.o(i.BusFault_Handler)
    DMA1_Channel1_IRQHandler                 0x0800041d   Thumb Code    10  stm32g4xx_it.o(i.DMA1_Channel1_IRQHandler)
    DebugMon_Handler                         0x080004d5   Thumb Code     2  stm32g4xx_it.o(i.DebugMon_Handler)
    Error_Handler                            0x080004d7   Thumb Code     6  main.o(i.Error_Handler)
    HAL_ADCEx_Calibration_Start              0x080004dd   Thumb Code   166  stm32g4xx_hal_adc_ex.o(i.HAL_ADCEx_Calibration_Start)
    HAL_ADCEx_MultiModeConfigChannel         0x0800058d   Thumb Code   404  stm32g4xx_hal_adc_ex.o(i.HAL_ADCEx_MultiModeConfigChannel)
    HAL_ADC_ConfigChannel                    0x08000739   Thumb Code  1354  stm32g4xx_hal_adc.o(i.HAL_ADC_ConfigChannel)
    HAL_ADC_ConvCpltCallback                 0x08000cb5   Thumb Code     2  stm32g4xx_hal_adc.o(i.HAL_ADC_ConvCpltCallback)
    HAL_ADC_ConvHalfCpltCallback             0x08000cb7   Thumb Code     2  stm32g4xx_hal_adc.o(i.HAL_ADC_ConvHalfCpltCallback)
    HAL_ADC_ErrorCallback                    0x08000cb9   Thumb Code     2  stm32g4xx_hal_adc.o(i.HAL_ADC_ErrorCallback)
    HAL_ADC_Init                             0x08000cbd   Thumb Code   660  stm32g4xx_hal_adc.o(i.HAL_ADC_Init)
    HAL_ADC_MspInit                          0x08000f7d   Thumb Code   160  adc.o(i.HAL_ADC_MspInit)
    HAL_ADC_Start_DMA                        0x08001029   Thumb Code   290  stm32g4xx_hal_adc.o(i.HAL_ADC_Start_DMA)
    HAL_DMA_IRQHandler                       0x0800116d   Thumb Code   254  stm32g4xx_hal_dma.o(i.HAL_DMA_IRQHandler)
    HAL_DMA_Init                             0x0800126d   Thumb Code   200  stm32g4xx_hal_dma.o(i.HAL_DMA_Init)
    HAL_DMA_Start_IT                         0x0800133d   Thumb Code   194  stm32g4xx_hal_dma.o(i.HAL_DMA_Start_IT)
    HAL_Delay                                0x08001401   Thumb Code    36  stm32g4xx_hal.o(i.HAL_Delay)
    HAL_GPIO_Init                            0x08001429   Thumb Code   438  stm32g4xx_hal_gpio.o(i.HAL_GPIO_Init)
    HAL_GPIO_WritePin                        0x08001601   Thumb Code    10  stm32g4xx_hal_gpio.o(i.HAL_GPIO_WritePin)
    HAL_GetTick                              0x0800160d   Thumb Code     6  stm32g4xx_hal.o(i.HAL_GetTick)
    HAL_HRTIM_ADCPostScalerConfig            0x08001619   Thumb Code   328  stm32g4xx_hal_hrtim.o(i.HAL_HRTIM_ADCPostScalerConfig)
    HAL_HRTIM_ADCTriggerConfig               0x08001761   Thumb Code   622  stm32g4xx_hal_hrtim.o(i.HAL_HRTIM_ADCTriggerConfig)
    HAL_HRTIM_DLLCalibrationStart            0x080019cf   Thumb Code   128  stm32g4xx_hal_hrtim.o(i.HAL_HRTIM_DLLCalibrationStart)
    HAL_HRTIM_Init                           0x08001a51   Thumb Code   258  stm32g4xx_hal_hrtim.o(i.HAL_HRTIM_Init)
    HAL_HRTIM_MspInit                        0x08001b5d   Thumb Code    40  hrtim.o(i.HAL_HRTIM_MspInit)
    HAL_HRTIM_MspPostInit                    0x08001b8d   Thumb Code    84  hrtim.o(i.HAL_HRTIM_MspPostInit)
    HAL_HRTIM_PollForDLLCalibration          0x08001be9   Thumb Code    74  stm32g4xx_hal_hrtim.o(i.HAL_HRTIM_PollForDLLCalibration)
    HAL_HRTIM_TimeBaseConfig                 0x08001c33   Thumb Code    58  stm32g4xx_hal_hrtim.o(i.HAL_HRTIM_TimeBaseConfig)
    HAL_HRTIM_WaveformCompareConfig          0x08001c6d   Thumb Code   504  stm32g4xx_hal_hrtim.o(i.HAL_HRTIM_WaveformCompareConfig)
    HAL_HRTIM_WaveformCountStart             0x08001e65   Thumb Code    60  stm32g4xx_hal_hrtim.o(i.HAL_HRTIM_WaveformCountStart)
    HAL_HRTIM_WaveformOutputConfig           0x08001ea1   Thumb Code    84  stm32g4xx_hal_hrtim.o(i.HAL_HRTIM_WaveformOutputConfig)
    HAL_HRTIM_WaveformOutputStart            0x08001ef5   Thumb Code    64  stm32g4xx_hal_hrtim.o(i.HAL_HRTIM_WaveformOutputStart)
    HAL_HRTIM_WaveformTimerConfig            0x08001f35   Thumb Code   178  stm32g4xx_hal_hrtim.o(i.HAL_HRTIM_WaveformTimerConfig)
    HAL_HRTIM_WaveformTimerControl           0x08001fe7   Thumb Code    84  stm32g4xx_hal_hrtim.o(i.HAL_HRTIM_WaveformTimerControl)
    HAL_IncTick                              0x0800203d   Thumb Code    16  stm32g4xx_hal.o(i.HAL_IncTick)
    HAL_Init                                 0x08002055   Thumb Code    30  stm32g4xx_hal.o(i.HAL_Init)
    HAL_InitTick                             0x08002075   Thumb Code    74  stm32g4xx_hal.o(i.HAL_InitTick)
    HAL_MspInit                              0x080020cd   Thumb Code    62  stm32g4xx_hal_msp.o(i.HAL_MspInit)
    HAL_NVIC_EnableIRQ                       0x08002111   Thumb Code    40  stm32g4xx_hal_cortex.o(i.HAL_NVIC_EnableIRQ)
    HAL_NVIC_SetPriority                     0x08002139   Thumb Code   122  stm32g4xx_hal_cortex.o(i.HAL_NVIC_SetPriority)
    HAL_NVIC_SetPriorityGrouping             0x080021b5   Thumb Code    32  stm32g4xx_hal_cortex.o(i.HAL_NVIC_SetPriorityGrouping)
    HAL_PWREx_ControlVoltageScaling          0x080021dd   Thumb Code   268  stm32g4xx_hal_pwr_ex.o(i.HAL_PWREx_ControlVoltageScaling)
    HAL_PWREx_DisableUCPDDeadBattery         0x080022f5   Thumb Code    14  stm32g4xx_hal_pwr_ex.o(i.HAL_PWREx_DisableUCPDDeadBattery)
    HAL_RCCEx_PeriphCLKConfig                0x08002309   Thumb Code  1048  stm32g4xx_hal_rcc_ex.o(i.HAL_RCCEx_PeriphCLKConfig)
    HAL_RCC_ClockConfig                      0x08002721   Thumb Code   522  stm32g4xx_hal_rcc.o(i.HAL_RCC_ClockConfig)
    HAL_RCC_GetSysClockFreq                  0x08002945   Thumb Code   138  stm32g4xx_hal_rcc.o(i.HAL_RCC_GetSysClockFreq)
    HAL_RCC_OscConfig                        0x080029dd   Thumb Code  1370  stm32g4xx_hal_rcc.o(i.HAL_RCC_OscConfig)
    HAL_SYSTICK_Callback                     0x08002f45   Thumb Code     8  mytimer.o(i.HAL_SYSTICK_Callback)
    HAL_SYSTICK_Config                       0x08002f4d   Thumb Code    52  stm32g4xx_hal_cortex.o(i.HAL_SYSTICK_Config)
    HAL_SYSTICK_IRQHandler                   0x08002f81   Thumb Code     8  stm32g4xx_hal_cortex.o(i.HAL_SYSTICK_IRQHandler)
    HAL_TIMEx_Break2Callback                 0x08002f89   Thumb Code     2  stm32g4xx_hal_tim_ex.o(i.HAL_TIMEx_Break2Callback)
    HAL_TIMEx_BreakCallback                  0x08002f8b   Thumb Code     2  stm32g4xx_hal_tim_ex.o(i.HAL_TIMEx_BreakCallback)
    HAL_TIMEx_CommutCallback                 0x08002f8d   Thumb Code     2  stm32g4xx_hal_tim_ex.o(i.HAL_TIMEx_CommutCallback)
    HAL_TIMEx_DirectionChangeCallback        0x08002f8f   Thumb Code     2  stm32g4xx_hal_tim_ex.o(i.HAL_TIMEx_DirectionChangeCallback)
    HAL_TIMEx_EncoderIndexCallback           0x08002f91   Thumb Code     2  stm32g4xx_hal_tim_ex.o(i.HAL_TIMEx_EncoderIndexCallback)
    HAL_TIMEx_IndexErrorCallback             0x08002f93   Thumb Code     2  stm32g4xx_hal_tim_ex.o(i.HAL_TIMEx_IndexErrorCallback)
    HAL_TIMEx_MasterConfigSynchronization    0x08002f95   Thumb Code   182  stm32g4xx_hal_tim_ex.o(i.HAL_TIMEx_MasterConfigSynchronization)
    HAL_TIMEx_TransitionErrorCallback        0x0800306d   Thumb Code     2  stm32g4xx_hal_tim_ex.o(i.HAL_TIMEx_TransitionErrorCallback)
    HAL_TIM_Base_Init                        0x0800306f   Thumb Code   110  stm32g4xx_hal_tim.o(i.HAL_TIM_Base_Init)
    HAL_TIM_Base_MspInit                     0x080030dd   Thumb Code    58  tim.o(i.HAL_TIM_Base_MspInit)
    HAL_TIM_Base_Start_IT                    0x08003121   Thumb Code   146  stm32g4xx_hal_tim.o(i.HAL_TIM_Base_Start_IT)
    HAL_TIM_IC_CaptureCallback               0x080031d5   Thumb Code     2  stm32g4xx_hal_tim.o(i.HAL_TIM_IC_CaptureCallback)
    HAL_TIM_IRQHandler                       0x080031d7   Thumb Code   576  stm32g4xx_hal_tim.o(i.HAL_TIM_IRQHandler)
    HAL_TIM_OC_DelayElapsedCallback          0x08003417   Thumb Code     2  stm32g4xx_hal_tim.o(i.HAL_TIM_OC_DelayElapsedCallback)
    HAL_TIM_PWM_PulseFinishedCallback        0x08003419   Thumb Code     2  stm32g4xx_hal_tim.o(i.HAL_TIM_PWM_PulseFinishedCallback)
    HAL_TIM_PeriodElapsedCallback            0x0800341b   Thumb Code     2  stm32g4xx_hal_tim.o(i.HAL_TIM_PeriodElapsedCallback)
    HAL_TIM_TriggerCallback                  0x0800341d   Thumb Code     2  stm32g4xx_hal_tim.o(i.HAL_TIM_TriggerCallback)
    HardFault_Handler                        0x0800397b   Thumb Code     4  stm32g4xx_it.o(i.HardFault_Handler)
    MX_ADC1_Init                             0x08003a6d   Thumb Code   174  adc.o(i.MX_ADC1_Init)
    MX_DMA_Init                              0x08003b25   Thumb Code    74  dma.o(i.MX_DMA_Init)
    MX_GPIO_Init                             0x08003b75   Thumb Code   166  gpio.o(i.MX_GPIO_Init)
    MX_HRTIM1_Init                           0x08003c25   Thumb Code   404  hrtim.o(i.MX_HRTIM1_Init)
    MX_TIM6_Init                             0x08003dc1   Thumb Code    68  tim.o(i.MX_TIM6_Init)
    MemManage_Handler                        0x08003e0d   Thumb Code     4  stm32g4xx_it.o(i.MemManage_Handler)
    NMI_Handler                              0x08003e11   Thumb Code     4  stm32g4xx_it.o(i.NMI_Handler)
    PendSV_Handler                           0x08003e15   Thumb Code     2  stm32g4xx_it.o(i.PendSV_Handler)
    SVC_Handler                              0x08003e81   Thumb Code     2  stm32g4xx_it.o(i.SVC_Handler)
    SysTick_Handler                          0x08003e83   Thumb Code    12  stm32g4xx_it.o(i.SysTick_Handler)
    SystemClock_Config                       0x08003e8f   Thumb Code   138  main.o(i.SystemClock_Config)
    SystemInit                               0x08003f19   Thumb Code    24  system_stm32g4xx.o(i.SystemInit)
    TIM6_DAC_IRQHandler                      0x08003f35   Thumb Code   142  stm32g4xx_it.o(i.TIM6_DAC_IRQHandler)
    TIM_Base_SetConfig                       0x08003fdd   Thumb Code   188  stm32g4xx_hal_tim.o(i.TIM_Base_SetConfig)
    UsageFault_Handler                       0x080040bd   Thumb Code     4  stm32g4xx_it.o(i.UsageFault_Handler)
    __scatterload_copy                       0x080040f9   Thumb Code    14  handlers.o(i.__scatterload_copy)
    __scatterload_null                       0x08004107   Thumb Code     2  handlers.o(i.__scatterload_null)
    __scatterload_zeroinit                   0x08004109   Thumb Code    14  handlers.o(i.__scatterload_zeroinit)
    free                                     0x08004119   Thumb Code    76  malloc.o(i.free)
    main                                     0x08004169   Thumb Code   138  main.o(i.main)
    malloc                                   0x08004209   Thumb Code    92  malloc.o(i.malloc)
    moving_average_create                    0x08004275   Thumb Code    40  moving-average.o(i.moving_average_create)
    moving_average_filter                    0x0800429d   Thumb Code   112  moving-average.o(i.moving_average_filter)
    timer_ticks                              0x0800430d   Thumb Code    12  multi_timer.o(i.timer_ticks)
    AHBPrescTable                            0x0800431c   Data          16  system_stm32g4xx.o(.constdata)
    APBPrescTable                            0x0800432c   Data           8  system_stm32g4xx.o(.constdata)
    Region$$Table$$Base                      0x08004334   Number         0  anon$$obj.o(Region$$Table)
    Region$$Table$$Limit                     0x08004354   Number         0  anon$$obj.o(Region$$Table)
    adc1_value0                              0x20000000   Data           4  main.o(.data)
    V0                                       0x20000004   Data           4  stm32g4xx_it.o(.data)
    Vout                                     0x20000008   Data           4  stm32g4xx_it.o(.data)
    uwTick                                   0x2000000c   Data           4  stm32g4xx_hal.o(.data)
    uwTickPrio                               0x20000010   Data           4  stm32g4xx_hal.o(.data)
    uwTickFreq                               0x20000014   Data           4  stm32g4xx_hal.o(.data)
    SystemCoreClock                          0x20000018   Data           4  system_stm32g4xx.o(.data)
    __microlib_freelist                      0x20000024   Data           4  mvars.o(.data)
    __microlib_freelist_initialised          0x20000028   Data           4  mvars.o(.data)
    avg_filter                               0x2000002c   Data          24  main.o(.bss)
    hadc1                                    0x20000044   Data         108  adc.o(.bss)
    hdma_adc1                                0x200000b0   Data          96  adc.o(.bss)
    hhrtim1                                  0x20000110   Data         252  hrtim.o(.bss)
    htim6                                    0x2000020c   Data          76  tim.o(.bss)
    __heap_base                              0x20000258   Data           0  startup_stm32g474xx.o(HEAP)
    __heap_limit                             0x20000658   Data           0  startup_stm32g474xx.o(HEAP)
    __initial_sp                             0x20000e58   Data           0  startup_stm32g474xx.o(STACK)



==============================================================================

Memory Map of the image

  Image Entry point : 0x080001d9

  Load Region LR_IROM1 (Base: 0x08000000, Size: 0x00004380, Max: 0x00080000, ABSOLUTE)

    Execution Region ER_IROM1 (Exec base: 0x08000000, Load base: 0x08000000, Size: 0x00004354, Max: 0x00080000, ABSOLUTE)

    Exec Addr    Load Addr    Size         Type   Attr      Idx    E Section Name        Object

    0x08000000   0x08000000   0x000001d8   Data   RO            3    RESET               startup_stm32g474xx.o
    0x080001d8   0x080001d8   0x00000000   Code   RO         4926  * .ARM.Collect$$$$00000000  mc_w.l(entry.o)
    0x080001d8   0x080001d8   0x00000004   Code   RO         4959    .ARM.Collect$$$$00000001  mc_w.l(entry2.o)
    0x080001dc   0x080001dc   0x00000004   Code   RO         4962    .ARM.Collect$$$$00000004  mc_w.l(entry5.o)
    0x080001e0   0x080001e0   0x00000000   Code   RO         4964    .ARM.Collect$$$$00000008  mc_w.l(entry7b.o)
    0x080001e0   0x080001e0   0x00000000   Code   RO         4966    .ARM.Collect$$$$0000000A  mc_w.l(entry8b.o)
    0x080001e0   0x080001e0   0x00000008   Code   RO         4967    .ARM.Collect$$$$0000000B  mc_w.l(entry9a.o)
    0x080001e8   0x080001e8   0x00000000   Code   RO         4969    .ARM.Collect$$$$0000000D  mc_w.l(entry10a.o)
    0x080001e8   0x080001e8   0x00000000   Code   RO         4971    .ARM.Collect$$$$0000000F  mc_w.l(entry11a.o)
    0x080001e8   0x080001e8   0x00000004   Code   RO         4960    .ARM.Collect$$$$00002712  mc_w.l(entry2.o)
    0x080001ec   0x080001ec   0x00000024   Code   RO            4    .text               startup_stm32g474xx.o
    0x08000210   0x08000210   0x00000024   Code   RO         4929    .text               mc_w.l(memseta.o)
    0x08000234   0x08000234   0x00000024   Code   RO         4979    .text               mc_w.l(init.o)
    0x08000258   0x08000258   0x00000092   Code   RO          510    i.ADC_DMAConvCplt   stm32g4xx_hal_adc.o
    0x080002ea   0x080002ea   0x0000001e   Code   RO          511    i.ADC_DMAError      stm32g4xx_hal_adc.o
    0x08000308   0x08000308   0x0000000e   Code   RO          512    i.ADC_DMAHalfConvCplt  stm32g4xx_hal_adc.o
    0x08000316   0x08000316   0x00000002   PAD
    0x08000318   0x08000318   0x00000088   Code   RO          513    i.ADC_Disable       stm32g4xx_hal_adc.o
    0x080003a0   0x080003a0   0x00000078   Code   RO          514    i.ADC_Enable        stm32g4xx_hal_adc.o
    0x08000418   0x08000418   0x00000004   Code   RO          380    i.BusFault_Handler  stm32g4xx_it.o
    0x0800041c   0x0800041c   0x00000010   Code   RO          381    i.DMA1_Channel1_IRQHandler  stm32g4xx_it.o
    0x0800042c   0x0800042c   0x00000044   Code   RO         1930    i.DMA_CalcDMAMUXChannelBaseAndMask  stm32g4xx_hal_dma.o
    0x08000470   0x08000470   0x00000024   Code   RO         1931    i.DMA_CalcDMAMUXRequestGenBaseAndMask  stm32g4xx_hal_dma.o
    0x08000494   0x08000494   0x00000040   Code   RO         1932    i.DMA_SetConfig     stm32g4xx_hal_dma.o
    0x080004d4   0x080004d4   0x00000002   Code   RO          382    i.DebugMon_Handler  stm32g4xx_it.o
    0x080004d6   0x080004d6   0x00000006   Code   RO           13    i.Error_Handler     main.o
    0x080004dc   0x080004dc   0x000000b0   Code   RO          792    i.HAL_ADCEx_Calibration_Start  stm32g4xx_hal_adc_ex.o
    0x0800058c   0x0800058c   0x000001ac   Code   RO          809    i.HAL_ADCEx_MultiModeConfigChannel  stm32g4xx_hal_adc_ex.o
    0x08000738   0x08000738   0x0000057c   Code   RO          516    i.HAL_ADC_ConfigChannel  stm32g4xx_hal_adc.o
    0x08000cb4   0x08000cb4   0x00000002   Code   RO          517    i.HAL_ADC_ConvCpltCallback  stm32g4xx_hal_adc.o
    0x08000cb6   0x08000cb6   0x00000002   Code   RO          518    i.HAL_ADC_ConvHalfCpltCallback  stm32g4xx_hal_adc.o
    0x08000cb8   0x08000cb8   0x00000002   Code   RO          520    i.HAL_ADC_ErrorCallback  stm32g4xx_hal_adc.o
    0x08000cba   0x08000cba   0x00000002   PAD
    0x08000cbc   0x08000cbc   0x000002c0   Code   RO          525    i.HAL_ADC_Init      stm32g4xx_hal_adc.o
    0x08000f7c   0x08000f7c   0x000000ac   Code   RO          224    i.HAL_ADC_MspInit   adc.o
    0x08001028   0x08001028   0x00000144   Code   RO          533    i.HAL_ADC_Start_DMA  stm32g4xx_hal_adc.o
    0x0800116c   0x0800116c   0x000000fe   Code   RO         1938    i.HAL_DMA_IRQHandler  stm32g4xx_hal_dma.o
    0x0800126a   0x0800126a   0x00000002   PAD
    0x0800126c   0x0800126c   0x000000d0   Code   RO         1939    i.HAL_DMA_Init      stm32g4xx_hal_dma.o
    0x0800133c   0x0800133c   0x000000c2   Code   RO         1943    i.HAL_DMA_Start_IT  stm32g4xx_hal_dma.o
    0x080013fe   0x080013fe   0x00000002   PAD
    0x08001400   0x08001400   0x00000028   Code   RO         1038    i.HAL_Delay         stm32g4xx_hal.o
    0x08001428   0x08001428   0x000001d8   Code   RO         1795    i.HAL_GPIO_Init     stm32g4xx_hal_gpio.o
    0x08001600   0x08001600   0x0000000a   Code   RO         1799    i.HAL_GPIO_WritePin  stm32g4xx_hal_gpio.o
    0x0800160a   0x0800160a   0x00000002   PAD
    0x0800160c   0x0800160c   0x0000000c   Code   RO         1042    i.HAL_GetTick       stm32g4xx_hal.o
    0x08001618   0x08001618   0x00000148   Code   RO         2578    i.HAL_HRTIM_ADCPostScalerConfig  stm32g4xx_hal_hrtim.o
    0x08001760   0x08001760   0x0000026e   Code   RO         2579    i.HAL_HRTIM_ADCTriggerConfig  stm32g4xx_hal_hrtim.o
    0x080019ce   0x080019ce   0x00000080   Code   RO         2596    i.HAL_HRTIM_DLLCalibrationStart  stm32g4xx_hal_hrtim.o
    0x08001a4e   0x08001a4e   0x00000002   PAD
    0x08001a50   0x08001a50   0x0000010c   Code   RO         2629    i.HAL_HRTIM_Init    stm32g4xx_hal_hrtim.o
    0x08001b5c   0x08001b5c   0x00000030   Code   RO          291    i.HAL_HRTIM_MspInit  hrtim.o
    0x08001b8c   0x08001b8c   0x0000005c   Code   RO          292    i.HAL_HRTIM_MspPostInit  hrtim.o
    0x08001be8   0x08001be8   0x0000004a   Code   RO         2638    i.HAL_HRTIM_PollForDLLCalibration  stm32g4xx_hal_hrtim.o
    0x08001c32   0x08001c32   0x0000003a   Code   RO         2680    i.HAL_HRTIM_TimeBaseConfig  stm32g4xx_hal_hrtim.o
    0x08001c6c   0x08001c6c   0x000001f8   Code   RO         2686    i.HAL_HRTIM_WaveformCompareConfig  stm32g4xx_hal_hrtim.o
    0x08001e64   0x08001e64   0x0000003c   Code   RO         2687    i.HAL_HRTIM_WaveformCountStart  stm32g4xx_hal_hrtim.o
    0x08001ea0   0x08001ea0   0x00000054   Code   RO         2695    i.HAL_HRTIM_WaveformOutputConfig  stm32g4xx_hal_hrtim.o
    0x08001ef4   0x08001ef4   0x00000040   Code   RO         2696    i.HAL_HRTIM_WaveformOutputStart  stm32g4xx_hal_hrtim.o
    0x08001f34   0x08001f34   0x000000b2   Code   RO         2699    i.HAL_HRTIM_WaveformTimerConfig  stm32g4xx_hal_hrtim.o
    0x08001fe6   0x08001fe6   0x00000054   Code   RO         2700    i.HAL_HRTIM_WaveformTimerControl  stm32g4xx_hal_hrtim.o
    0x0800203a   0x0800203a   0x00000002   PAD
    0x0800203c   0x0800203c   0x00000018   Code   RO         1045    i.HAL_IncTick       stm32g4xx_hal.o
    0x08002054   0x08002054   0x0000001e   Code   RO         1046    i.HAL_Init          stm32g4xx_hal.o
    0x08002072   0x08002072   0x00000002   PAD
    0x08002074   0x08002074   0x00000058   Code   RO         1047    i.HAL_InitTick      stm32g4xx_hal.o
    0x080020cc   0x080020cc   0x00000044   Code   RO          485    i.HAL_MspInit       stm32g4xx_hal_msp.o
    0x08002110   0x08002110   0x00000028   Code   RO         2442    i.HAL_NVIC_EnableIRQ  stm32g4xx_hal_cortex.o
    0x08002138   0x08002138   0x0000007a   Code   RO         2448    i.HAL_NVIC_SetPriority  stm32g4xx_hal_cortex.o
    0x080021b2   0x080021b2   0x00000002   PAD
    0x080021b4   0x080021b4   0x00000028   Code   RO         2449    i.HAL_NVIC_SetPriorityGrouping  stm32g4xx_hal_cortex.o
    0x080021dc   0x080021dc   0x00000118   Code   RO         2198    i.HAL_PWREx_ControlVoltageScaling  stm32g4xx_hal_pwr_ex.o
    0x080022f4   0x080022f4   0x00000014   Code   RO         2210    i.HAL_PWREx_DisableUCPDDeadBattery  stm32g4xx_hal_pwr_ex.o
    0x08002308   0x08002308   0x00000418   Code   RO         1396    i.HAL_RCCEx_PeriphCLKConfig  stm32g4xx_hal_rcc_ex.o
    0x08002720   0x08002720   0x00000224   Code   RO         1266    i.HAL_RCC_ClockConfig  stm32g4xx_hal_rcc.o
    0x08002944   0x08002944   0x00000098   Code   RO         1276    i.HAL_RCC_GetSysClockFreq  stm32g4xx_hal_rcc.o
    0x080029dc   0x080029dc   0x00000568   Code   RO         1279    i.HAL_RCC_OscConfig  stm32g4xx_hal_rcc.o
    0x08002f44   0x08002f44   0x00000008   Code   RO         4805    i.HAL_SYSTICK_Callback  mytimer.o
    0x08002f4c   0x08002f4c   0x00000034   Code   RO         2453    i.HAL_SYSTICK_Config  stm32g4xx_hal_cortex.o
    0x08002f80   0x08002f80   0x00000008   Code   RO         2454    i.HAL_SYSTICK_IRQHandler  stm32g4xx_hal_cortex.o
    0x08002f88   0x08002f88   0x00000002   Code   RO         4172    i.HAL_TIMEx_Break2Callback  stm32g4xx_hal_tim_ex.o
    0x08002f8a   0x08002f8a   0x00000002   Code   RO         4173    i.HAL_TIMEx_BreakCallback  stm32g4xx_hal_tim_ex.o
    0x08002f8c   0x08002f8c   0x00000002   Code   RO         4174    i.HAL_TIMEx_CommutCallback  stm32g4xx_hal_tim_ex.o
    0x08002f8e   0x08002f8e   0x00000002   Code   RO         4185    i.HAL_TIMEx_DirectionChangeCallback  stm32g4xx_hal_tim_ex.o
    0x08002f90   0x08002f90   0x00000002   Code   RO         4199    i.HAL_TIMEx_EncoderIndexCallback  stm32g4xx_hal_tim_ex.o
    0x08002f92   0x08002f92   0x00000002   Code   RO         4213    i.HAL_TIMEx_IndexErrorCallback  stm32g4xx_hal_tim_ex.o
    0x08002f94   0x08002f94   0x000000d8   Code   RO         4214    i.HAL_TIMEx_MasterConfigSynchronization  stm32g4xx_hal_tim_ex.o
    0x0800306c   0x0800306c   0x00000002   Code   RO         4235    i.HAL_TIMEx_TransitionErrorCallback  stm32g4xx_hal_tim_ex.o
    0x0800306e   0x0800306e   0x0000006e   Code   RO         3447    i.HAL_TIM_Base_Init  stm32g4xx_hal_tim.o
    0x080030dc   0x080030dc   0x00000044   Code   RO          339    i.HAL_TIM_Base_MspInit  tim.o
    0x08003120   0x08003120   0x000000b4   Code   RO         3452    i.HAL_TIM_Base_Start_IT  stm32g4xx_hal_tim.o
    0x080031d4   0x080031d4   0x00000002   Code   RO         3481    i.HAL_TIM_IC_CaptureCallback  stm32g4xx_hal_tim.o
    0x080031d6   0x080031d6   0x00000240   Code   RO         3495    i.HAL_TIM_IRQHandler  stm32g4xx_hal_tim.o
    0x08003416   0x08003416   0x00000002   Code   RO         3498    i.HAL_TIM_OC_DelayElapsedCallback  stm32g4xx_hal_tim.o
    0x08003418   0x08003418   0x00000002   Code   RO         3525    i.HAL_TIM_PWM_PulseFinishedCallback  stm32g4xx_hal_tim.o
    0x0800341a   0x0800341a   0x00000002   Code   RO         3533    i.HAL_TIM_PeriodElapsedCallback  stm32g4xx_hal_tim.o
    0x0800341c   0x0800341c   0x00000002   Code   RO         3538    i.HAL_TIM_TriggerCallback  stm32g4xx_hal_tim.o
    0x0800341e   0x0800341e   0x00000094   Code   RO         2707    i.HRTIM_ForceRegistersUpdate  stm32g4xx_hal_hrtim.o
    0x080034b2   0x080034b2   0x00000028   Code   RO         2712    i.HRTIM_MasterBase_Config  stm32g4xx_hal_hrtim.o
    0x080034da   0x080034da   0x0000009e   Code   RO         2713    i.HRTIM_MasterWaveform_Config  stm32g4xx_hal_hrtim.o
    0x08003578   0x08003578   0x00000106   Code   RO         2715    i.HRTIM_OutputConfig  stm32g4xx_hal_hrtim.o
    0x0800367e   0x0800367e   0x00000040   Code   RO         2718    i.HRTIM_TimingUnitBase_Config  stm32g4xx_hal_hrtim.o
    0x080036be   0x080036be   0x00000002   PAD
    0x080036c0   0x080036c0   0x00000260   Code   RO         2720    i.HRTIM_TimingUnitWaveform_Config  stm32g4xx_hal_hrtim.o
    0x08003920   0x08003920   0x0000005a   Code   RO         2721    i.HRTIM_TimingUnitWaveform_Control  stm32g4xx_hal_hrtim.o
    0x0800397a   0x0800397a   0x00000004   Code   RO          383    i.HardFault_Handler  stm32g4xx_it.o
    0x0800397e   0x0800397e   0x00000002   PAD
    0x08003980   0x08003980   0x00000010   Code   RO          539    i.LL_ADC_Enable     stm32g4xx_hal_adc.o
    0x08003990   0x08003990   0x0000000a   Code   RO          541    i.LL_ADC_GetMultimode  stm32g4xx_hal_adc.o
    0x0800399a   0x0800399a   0x00000012   Code   RO          542    i.LL_ADC_GetOffsetChannel  stm32g4xx_hal_adc.o
    0x080039ac   0x080039ac   0x0000000a   Code   RO          543    i.LL_ADC_INJ_IsConversionOngoing  stm32g4xx_hal_adc.o
    0x080039b6   0x080039b6   0x0000000a   Code   RO          544    i.LL_ADC_IsDisableOngoing  stm32g4xx_hal_adc.o
    0x080039c0   0x080039c0   0x0000000a   Code   RO          545    i.LL_ADC_IsEnabled  stm32g4xx_hal_adc.o
    0x080039ca   0x080039ca   0x0000000a   Code   RO          822    i.LL_ADC_IsEnabled  stm32g4xx_hal_adc_ex.o
    0x080039d4   0x080039d4   0x0000000a   Code   RO          546    i.LL_ADC_IsInternalRegulatorEnabled  stm32g4xx_hal_adc.o
    0x080039de   0x080039de   0x0000000a   Code   RO          547    i.LL_ADC_REG_IsConversionOngoing  stm32g4xx_hal_adc.o
    0x080039e8   0x080039e8   0x0000000a   Code   RO          823    i.LL_ADC_REG_IsConversionOngoing  stm32g4xx_hal_adc_ex.o
    0x080039f2   0x080039f2   0x00000012   Code   RO          548    i.LL_ADC_REG_IsTriggerSourceSWStart  stm32g4xx_hal_adc.o
    0x08003a04   0x08003a04   0x00000010   Code   RO          549    i.LL_ADC_REG_StartConversion  stm32g4xx_hal_adc.o
    0x08003a14   0x08003a14   0x00000028   Code   RO          551    i.LL_ADC_SetChannelSamplingTime  stm32g4xx_hal_adc.o
    0x08003a3c   0x08003a3c   0x0000000c   Code   RO          552    i.LL_ADC_SetCommonPathInternalCh  stm32g4xx_hal_adc.o
    0x08003a48   0x08003a48   0x00000016   Code   RO          553    i.LL_ADC_SetOffsetState  stm32g4xx_hal_adc.o
    0x08003a5e   0x08003a5e   0x0000000c   Code   RO          554    i.LL_ADC_SetSamplingTimeCommonConfig  stm32g4xx_hal_adc.o
    0x08003a6a   0x08003a6a   0x00000002   PAD
    0x08003a6c   0x08003a6c   0x000000b8   Code   RO          225    i.MX_ADC1_Init      adc.o
    0x08003b24   0x08003b24   0x00000050   Code   RO          266    i.MX_DMA_Init       dma.o
    0x08003b74   0x08003b74   0x000000b0   Code   RO          199    i.MX_GPIO_Init      gpio.o
    0x08003c24   0x08003c24   0x0000019c   Code   RO          293    i.MX_HRTIM1_Init    hrtim.o
    0x08003dc0   0x08003dc0   0x0000004c   Code   RO          340    i.MX_TIM6_Init      tim.o
    0x08003e0c   0x08003e0c   0x00000004   Code   RO          384    i.MemManage_Handler  stm32g4xx_it.o
    0x08003e10   0x08003e10   0x00000004   Code   RO          385    i.NMI_Handler       stm32g4xx_it.o
    0x08003e14   0x08003e14   0x00000002   Code   RO          386    i.PendSV_Handler    stm32g4xx_it.o
    0x08003e16   0x08003e16   0x00000002   PAD
    0x08003e18   0x08003e18   0x00000068   Code   RO         1280    i.RCC_GetSysClockFreqFromPLLSource  stm32g4xx_hal_rcc.o
    0x08003e80   0x08003e80   0x00000002   Code   RO          387    i.SVC_Handler       stm32g4xx_it.o
    0x08003e82   0x08003e82   0x0000000c   Code   RO          388    i.SysTick_Handler   stm32g4xx_it.o
    0x08003e8e   0x08003e8e   0x0000008a   Code   RO           14    i.SystemClock_Config  main.o
    0x08003f18   0x08003f18   0x0000001c   Code   RO         4602    i.SystemInit        system_stm32g4xx.o
    0x08003f34   0x08003f34   0x000000a8   Code   RO          389    i.TIM6_DAC_IRQHandler  stm32g4xx_it.o
    0x08003fdc   0x08003fdc   0x000000e0   Code   RO         3540    i.TIM_Base_SetConfig  stm32g4xx_hal_tim.o
    0x080040bc   0x080040bc   0x00000004   Code   RO          390    i.UsageFault_Handler  stm32g4xx_it.o
    0x080040c0   0x080040c0   0x00000010   Code   RO         2455    i.__NVIC_GetPriorityGrouping  stm32g4xx_hal_cortex.o
    0x080040d0   0x080040d0   0x00000028   Code   RO         2456    i.__NVIC_SetPriority  stm32g4xx_hal_cortex.o
    0x080040f8   0x080040f8   0x0000000e   Code   RO         4983    i.__scatterload_copy  mc_w.l(handlers.o)
    0x08004106   0x08004106   0x00000002   Code   RO         4984    i.__scatterload_null  mc_w.l(handlers.o)
    0x08004108   0x08004108   0x0000000e   Code   RO         4985    i.__scatterload_zeroinit  mc_w.l(handlers.o)
    0x08004116   0x08004116   0x00000002   PAD
    0x08004118   0x08004118   0x00000050   Code   RO         4931    i.free              mc_w.l(malloc.o)
    0x08004168   0x08004168   0x000000a0   Code   RO           15    i.main              main.o
    0x08004208   0x08004208   0x0000006c   Code   RO         4932    i.malloc            mc_w.l(malloc.o)
    0x08004274   0x08004274   0x00000028   Code   RO         4886    i.moving_average_create  moving-average.o
    0x0800429c   0x0800429c   0x00000070   Code   RO         4887    i.moving_average_filter  moving-average.o
    0x0800430c   0x0800430c   0x00000010   Code   RO         4695    i.timer_ticks       multi_timer.o
    0x0800431c   0x0800431c   0x00000018   Data   RO         4603    .constdata          system_stm32g4xx.o
    0x08004334   0x08004334   0x00000020   Data   RO         4981    Region$$Table       anon$$obj.o


    Execution Region RW_IRAM1 (Exec base: 0x20000000, Load base: 0x08004354, Size: 0x00000e58, Max: 0x00020000, ABSOLUTE)

    Exec Addr    Load Addr    Size         Type   Attr      Idx    E Section Name        Object

    0x20000000   0x08004354   0x00000004   Data   RW           17    .data               main.o
    0x20000004   0x08004358   0x00000008   Data   RW          391    .data               stm32g4xx_it.o
    0x2000000c   0x08004360   0x0000000c   Data   RW         1066    .data               stm32g4xx_hal.o
    0x20000018   0x0800436c   0x00000004   Data   RW         4604    .data               system_stm32g4xx.o
    0x2000001c   0x08004370   0x00000008   Data   RW         4696    .data               multi_timer.o
    0x20000024   0x08004378   0x00000004   Data   RW         4977    .data               mc_w.l(mvars.o)
    0x20000028   0x0800437c   0x00000004   Data   RW         4978    .data               mc_w.l(mvars.o)
    0x2000002c        -       0x00000018   Zero   RW           16    .bss                main.o
    0x20000044        -       0x000000cc   Zero   RW          226    .bss                adc.o
    0x20000110        -       0x000000fc   Zero   RW          294    .bss                hrtim.o
    0x2000020c        -       0x0000004c   Zero   RW          341    .bss                tim.o
    0x20000258        -       0x00000400   Zero   RW            2    HEAP                startup_stm32g474xx.o
    0x20000658        -       0x00000800   Zero   RW            1    STACK               startup_stm32g474xx.o


==============================================================================

Image component sizes


      Code (inc. data)   RO Data    RW Data    ZI Data      Debug   Object Name

       356         22          0          0        204       2199   adc.o
        80          6          0          0          0        946   dma.o
       176         10          0          0          0       1083   gpio.o
       552         24          0          0        252       3015   hrtim.o
       304         22          0          4         24    1013417   main.o
       152          0          0          0          0       2829   moving-average.o
        16          4          0          8          0       1382   multi_timer.o
         8          0          0          0          0        575   mytimer.o
        36          8        472          0       3072        912   startup_stm32g474xx.o
       194         32          0         12          0       4841   stm32g4xx_hal.o
      3098        158          0          0          0      86807   stm32g4xx_hal_adc.o
       624         34          0          0          0      70301   stm32g4xx_hal_adc_ex.o
       318         22          0          0          0      35528   stm32g4xx_hal_cortex.o
       824         22          0          0          0       5423   stm32g4xx_hal_dma.o
       482         34          0          0          0       2488   stm32g4xx_hal_gpio.o
      3822         28          0          0          0      18594   stm32g4xx_hal_hrtim.o
        68          6          0          0          0       1002   stm32g4xx_hal_msp.o
       300         18          0          0          0       1557   stm32g4xx_hal_pwr_ex.o
      2188         82          0          0          0       5604   stm32g4xx_hal_rcc.o
      1048         10          0          0          0       2132   stm32g4xx_hal_rcc_ex.o
      1100         70          0          0          0       7387   stm32g4xx_hal_tim.o
       230         34          0          0          0       6192   stm32g4xx_hal_tim_ex.o
       222         32          0          8          0       6389   stm32g4xx_it.o
        28          4         24          4          0       1383   system_stm32g4xx.o
       144         18          0          0         76       1894   tim.o

    ----------------------------------------------------------------------
     16396        700        528         36       3628    1283880   Object Totals
         0          0         32          0          0          0   (incl. Generated)
        26          0          0          0          0          0   (incl. Padding)

    ----------------------------------------------------------------------

      Code (inc. data)   RO Data    RW Data    ZI Data      Debug   Library Member Name

         0          0          0          0          0          0   entry.o
         0          0          0          0          0          0   entry10a.o
         0          0          0          0          0          0   entry11a.o
         8          4          0          0          0          0   entry2.o
         4          0          0          0          0          0   entry5.o
         0          0          0          0          0          0   entry7b.o
         0          0          0          0          0          0   entry8b.o
         8          4          0          0          0          0   entry9a.o
        30          0          0          0          0          0   handlers.o
        36          8          0          0          0         68   init.o
       188         20          0          0          0        160   malloc.o
        36          0          0          0          0        108   memseta.o
         0          0          0          8          0          0   mvars.o

    ----------------------------------------------------------------------
       312         36          0          8          0        336   Library Totals
         2          0          0          0          0          0   (incl. Padding)

    ----------------------------------------------------------------------

      Code (inc. data)   RO Data    RW Data    ZI Data      Debug   Library Name

       310         36          0          8          0        336   mc_w.l

    ----------------------------------------------------------------------
       312         36          0          8          0        336   Library Totals

    ----------------------------------------------------------------------

==============================================================================


      Code (inc. data)   RO Data    RW Data    ZI Data      Debug   

     16708        736        528         44       3628    1272716   Grand Totals
     16708        736        528         44       3628    1272716   ELF Image Totals
     16708        736        528         44          0          0   ROM Totals

==============================================================================

    Total RO  Size (Code + RO Data)                17236 (  16.83kB)
    Total RW  Size (RW Data + ZI Data)              3672 (   3.59kB)
    Total ROM Size (Code + RO Data + RW Data)      17280 (  16.88kB)

==============================================================================

